../Core/Src/main.c:55:13:build_sine_table	2
../Core/Src/main.c:66:21:sine_lookup	4
../Core/Src/main.c:82:13:set_3phase_pwm	1
../Core/Src/main.c:98:6:HAL_TIM_PeriodElapsedCallback	4
../Core/Src/main.c:122:10:MT6835_ReadAngle	1
../Core/Src/main.c:141:7:MT6835_ReadAngleRad	1
../Core/Src/main.c:149:5:main	2
../Core/Src/main.c:234:6:SystemClock_Config	3
../Core/Src/main.c:262:13:MX_ADC1_Init	5
../Core/Src/main.c:301:13:MX_FDCAN1_Init	2
../Core/Src/main.c:324:13:MX_SPI2_Init	2
../Core/Src/main.c:343:13:MX_TIM1_Init	9
../Core/Src/main.c:398:13:MX_DMA_Init	1
../Core/Src/main.c:407:13:MX_GPIO_Init	1
../Core/Src/main.c:426:6:Error_Handler	1
