../Core/Src/main.c:55:13:build_sine_table	16	static
../Core/Src/main.c:66:21:sine_lookup	24	static
../Core/Src/main.c:82:13:set_3phase_pwm	32	static
../Core/Src/main.c:98:6:HAL_TIM_PeriodElapsedCallback	16	static
../Core/Src/main.c:122:10:MT6835_ReadAngle	32	static
../Core/Src/main.c:141:7:MT6835_ReadAngleRad	16	static
../Core/Src/main.c:149:5:main	24	static
../Core/Src/main.c:234:6:SystemClock_Config	88	static
../Core/Src/main.c:262:13:MX_ADC1_Init	56	static
../Core/Src/main.c:301:13:MX_FDCAN1_Init	8	static
../Core/Src/main.c:324:13:MX_SPI2_Init	8	static
../Core/Src/main.c:343:13:MX_TIM1_Init	120	static
../Core/Src/main.c:398:13:MX_DMA_Init	16	static
../Core/Src/main.c:407:13:MX_GPIO_Init	48	static
../Core/Src/main.c:426:6:Error_Handler	4	static,ignoring_inline_asm
