Archive member included to satisfy reference by file (symbol)

.pio/build/app/libcb0/libFreeRTOS-Kernel.a(port.o)
                              .pio/build/app/app/src/system.o (xPortSysTickHandler)
.pio/build/app/libcb0/libFreeRTOS-Kernel.a(tasks.o)
                              .pio/build/app/app/src/firmware.o (xTaskCreate)
.pio/build/app/libcb0/libFreeRTOS-Kernel.a(heap_4.o)
                              .pio/build/app/libcb0/libFreeRTOS-Kernel.a(tasks.o) (pvPortMalloc)
.pio/build/app/libcb0/libFreeRTOS-Kernel.a(list.o)
                              .pio/build/app/libcb0/libFreeRTOS-Kernel.a(tasks.o) (vListInitialise)
/home/koi/.platformio/packages/toolchain-gccarmnoneeabi@1.70201.0/bin/../lib/gcc/arm-none-eabi/7.2.1/../../../../arm-none-eabi/lib/thumb/v7e-m/fpv4-sp/hard/libc_nano.a(lib_a-exit.o)
                              /home/koi/.platformio/packages/toolchain-gccarmnoneeabi@1.70201.0/bin/../lib/gcc/arm-none-eabi/7.2.1/../../../../arm-none-eabi/lib/thumb/v7e-m/fpv4-sp/hard/crt0.o (exit)
/home/koi/.platformio/packages/toolchain-gccarmnoneeabi@1.70201.0/bin/../lib/gcc/arm-none-eabi/7.2.1/../../../../arm-none-eabi/lib/thumb/v7e-m/fpv4-sp/hard/libc_nano.a(lib_a-impure.o)
                              /home/koi/.platformio/packages/toolchain-gccarmnoneeabi@1.70201.0/bin/../lib/gcc/arm-none-eabi/7.2.1/../../../../arm-none-eabi/lib/thumb/v7e-m/fpv4-sp/hard/libc_nano.a(lib_a-exit.o) (_global_impure_ptr)
/home/koi/.platformio/packages/toolchain-gccarmnoneeabi@1.70201.0/bin/../lib/gcc/arm-none-eabi/7.2.1/../../../../arm-none-eabi/lib/thumb/v7e-m/fpv4-sp/hard/libc_nano.a(lib_a-init.o)
                              /home/koi/.platformio/packages/toolchain-gccarmnoneeabi@1.70201.0/bin/../lib/gcc/arm-none-eabi/7.2.1/../../../../arm-none-eabi/lib/thumb/v7e-m/fpv4-sp/hard/crt0.o (__libc_init_array)
/home/koi/.platformio/packages/toolchain-gccarmnoneeabi@1.70201.0/bin/../lib/gcc/arm-none-eabi/7.2.1/../../../../arm-none-eabi/lib/thumb/v7e-m/fpv4-sp/hard/libc_nano.a(lib_a-memset.o)
                              /home/koi/.platformio/packages/toolchain-gccarmnoneeabi@1.70201.0/bin/../lib/gcc/arm-none-eabi/7.2.1/../../../../arm-none-eabi/lib/thumb/v7e-m/fpv4-sp/hard/crt0.o (memset)
/home/koi/.platformio/packages/toolchain-gccarmnoneeabi@1.70201.0/bin/../lib/gcc/arm-none-eabi/7.2.1/../../../../arm-none-eabi/lib/thumb/v7e-m/fpv4-sp/hard/libc_nano.a(lib_a-printf.o)
                              .pio/build/app/app/src/firmware.o (printf)
/home/koi/.platformio/packages/toolchain-gccarmnoneeabi@1.70201.0/bin/../lib/gcc/arm-none-eabi/7.2.1/../../../../arm-none-eabi/lib/thumb/v7e-m/fpv4-sp/hard/libc_nano.a(lib_a-findfp.o)
                              /home/koi/.platformio/packages/toolchain-gccarmnoneeabi@1.70201.0/bin/../lib/gcc/arm-none-eabi/7.2.1/../../../../arm-none-eabi/lib/thumb/v7e-m/fpv4-sp/hard/libc_nano.a(lib_a-printf.o) (__sinit)
/home/koi/.platformio/packages/toolchain-gccarmnoneeabi@1.70201.0/bin/../lib/gcc/arm-none-eabi/7.2.1/../../../../arm-none-eabi/lib/thumb/v7e-m/fpv4-sp/hard/libc_nano.a(lib_a-fwalk.o)
                              /home/koi/.platformio/packages/toolchain-gccarmnoneeabi@1.70201.0/bin/../lib/gcc/arm-none-eabi/7.2.1/../../../../arm-none-eabi/lib/thumb/v7e-m/fpv4-sp/hard/libc_nano.a(lib_a-findfp.o) (_fwalk)
/home/koi/.platformio/packages/toolchain-gccarmnoneeabi@1.70201.0/bin/../lib/gcc/arm-none-eabi/7.2.1/../../../../arm-none-eabi/lib/thumb/v7e-m/fpv4-sp/hard/libc_nano.a(lib_a-nano-mallocr.o)
                              /home/koi/.platformio/packages/toolchain-gccarmnoneeabi@1.70201.0/bin/../lib/gcc/arm-none-eabi/7.2.1/../../../../arm-none-eabi/lib/thumb/v7e-m/fpv4-sp/hard/libc_nano.a(lib_a-findfp.o) (_malloc_r)
/home/koi/.platformio/packages/toolchain-gccarmnoneeabi@1.70201.0/bin/../lib/gcc/arm-none-eabi/7.2.1/../../../../arm-none-eabi/lib/thumb/v7e-m/fpv4-sp/hard/libc_nano.a(lib_a-nano-vfprintf.o)
                              /home/koi/.platformio/packages/toolchain-gccarmnoneeabi@1.70201.0/bin/../lib/gcc/arm-none-eabi/7.2.1/../../../../arm-none-eabi/lib/thumb/v7e-m/fpv4-sp/hard/libc_nano.a(lib_a-printf.o) (_vfprintf_r)
/home/koi/.platformio/packages/toolchain-gccarmnoneeabi@1.70201.0/bin/../lib/gcc/arm-none-eabi/7.2.1/../../../../arm-none-eabi/lib/thumb/v7e-m/fpv4-sp/hard/libc_nano.a(lib_a-nano-vfprintf_i.o)
                              /home/koi/.platformio/packages/toolchain-gccarmnoneeabi@1.70201.0/bin/../lib/gcc/arm-none-eabi/7.2.1/../../../../arm-none-eabi/lib/thumb/v7e-m/fpv4-sp/hard/libc_nano.a(lib_a-nano-vfprintf.o) (_printf_i)
/home/koi/.platformio/packages/toolchain-gccarmnoneeabi@1.70201.0/bin/../lib/gcc/arm-none-eabi/7.2.1/../../../../arm-none-eabi/lib/thumb/v7e-m/fpv4-sp/hard/libc_nano.a(lib_a-sbrkr.o)
                              /home/koi/.platformio/packages/toolchain-gccarmnoneeabi@1.70201.0/bin/../lib/gcc/arm-none-eabi/7.2.1/../../../../arm-none-eabi/lib/thumb/v7e-m/fpv4-sp/hard/libc_nano.a(lib_a-nano-mallocr.o) (_sbrk_r)
[...]
Memory Configuration

Name             Origin             Length             Attributes
RAM              0x0000000020000000 0x0000000000020000 xrw
FLASH            0x0000000008000000 0x0000000000080000 xr
*default*        0x0000000000000000 0xffffffffffffffff

Linker script and memory map

LOAD /home/koi/.platformio/packages/toolchain-gccarmnoneeabi@1.70201.0/bin/../lib/gcc/arm-none-eabi/7.2.1/thumb/v7e-m/fpv4-sp/hard/crti.o
LOAD /home/koi/.platformio/packages/toolchain-gccarmnoneeabi@1.70201.0/bin/../lib/gcc/arm-none-eabi/7.2.1/thumb/v7e-m/fpv4-sp/hard/crtbegin.o
LOAD /home/koi/.platformio/packages/toolchain-gccarmnoneeabi@1.70201.0/bin/../lib/gcc/arm-none-eabi/7.2.1/../../../../arm-none-eabi/lib/thumb/v7e-m/fpv4-sp/hard/crt0.o
LOAD .pio/build/app/FrameworkHALDriver/Src/stm32g4xx_hal.o
LOAD .pio/build/app/FrameworkHALDriver/Src/stm32g4xx_hal_adc.o
LOAD .pio/build/app/FrameworkHALDriver/Src/stm32g4xx_hal_adc_ex.o
LOAD .pio/build/app/FrameworkHALDriver/Src/stm32g4xx_hal_comp.o
LOAD .pio/build/app/FrameworkHALDriver/Src/stm32g4xx_hal_cordic.o
LOAD .pio/build/app/FrameworkHALDriver/Src/stm32g4xx_hal_cortex.o
LOAD .pio/build/app/FrameworkHALDriver/Src/stm32g4xx_hal_crc.o
LOAD .pio/build/app/FrameworkHALDriver/Src/stm32g4xx_hal_crc_ex.o
LOAD .pio/build/app/FrameworkHALDriver/Src/stm32g4xx_hal_cryp.o
LOAD .pio/build/app/FrameworkHALDriver/Src/stm32g4xx_hal_cryp_ex.o
LOAD .pio/build/app/FrameworkHALDriver/Src/stm32g4xx_hal_dac.o
LOAD .pio/build/app/FrameworkHALDriver/Src/stm32g4xx_hal_dac_ex.o
LOAD .pio/build/app/FrameworkHALDriver/Src/stm32g4xx_hal_dma.o
LOAD .pio/build/app/FrameworkHALDriver/Src/stm32g4xx_hal_dma_ex.o
LOAD .pio/build/app/FrameworkHALDriver/Src/stm32g4xx_hal_exti.o
LOAD .pio/build/app/FrameworkHALDriver/Src/stm32g4xx_hal_fdcan.o
LOAD .pio/build/app/FrameworkHALDriver/Src/stm32g4xx_hal_flash.o
LOAD .pio/build/app/FrameworkHALDriver/Src/stm32g4xx_hal_flash_ex.o
LOAD .pio/build/app/FrameworkHALDriver/Src/stm32g4xx_hal_flash_ramfunc.o
LOAD .pio/build/app/FrameworkHALDriver/Src/stm32g4xx_hal_fmac.o
LOAD .pio/build/app/FrameworkHALDriver/Src/stm32g4xx_hal_gpio.o
LOAD .pio/build/app/FrameworkHALDriver/Src/stm32g4xx_hal_hrtim.o
LOAD .pio/build/app/FrameworkHALDriver/Src/stm32g4xx_hal_i2c.o
LOAD .pio/build/app/FrameworkHALDriver/Src/stm32g4xx_hal_i2c_ex.o
LOAD .pio/build/app/FrameworkHALDriver/Src/stm32g4xx_hal_i2s.o
LOAD .pio/build/app/FrameworkHALDriver/Src/stm32g4xx_hal_irda.o
LOAD .pio/build/app/FrameworkHALDriver/Src/stm32g4xx_hal_iwdg.o
LOAD .pio/build/app/FrameworkHALDriver/Src/stm32g4xx_hal_lptim.o
LOAD .pio/build/app/FrameworkHALDriver/Src/stm32g4xx_hal_nand.o
LOAD .pio/build/app/FrameworkHALDriver/Src/stm32g4xx_hal_nor.o
LOAD .pio/build/app/FrameworkHALDriver/Src/stm32g4xx_hal_opamp.o
LOAD .pio/build/app/FrameworkHALDriver/Src/stm32g4xx_hal_opamp_ex.o
LOAD .pio/build/app/FrameworkHALDriver/Src/stm32g4xx_hal_pcd.o
LOAD .pio/build/app/FrameworkHALDriver/Src/stm32g4xx_hal_pcd_ex.o
LOAD .pio/build/app/FrameworkHALDriver/Src/stm32g4xx_hal_pwr.o
LOAD .pio/build/app/FrameworkHALDriver/Src/stm32g4xx_hal_pwr_ex.o
LOAD .pio/build/app/FrameworkHALDriver/Src/stm32g4xx_hal_qspi.o
LOAD .pio/build/app/FrameworkHALDriver/Src/stm32g4xx_hal_rcc.o
LOAD .pio/build/app/FrameworkHALDriver/Src/stm32g4xx_hal_rcc_ex.o
LOAD .pio/build/app/FrameworkHALDriver/Src/stm32g4xx_hal_rng.o
LOAD .pio/build/app/FrameworkHALDriver/Src/stm32g4xx_hal_rtc.o
LOAD .pio/build/app/FrameworkHALDriver/Src/stm32g4xx_hal_rtc_ex.o
LOAD .pio/build/app/FrameworkHALDriver/Src/stm32g4xx_hal_sai.o
LOAD .pio/build/app/FrameworkHALDriver/Src/stm32g4xx_hal_sai_ex.o
LOAD .pio/build/app/FrameworkHALDriver/Src/stm32g4xx_hal_smartcard.o
LOAD .pio/build/app/FrameworkHALDriver/Src/stm32g4xx_hal_smartcard_ex.o
LOAD .pio/build/app/FrameworkHALDriver/Src/stm32g4xx_hal_smbus.o
LOAD .pio/build/app/FrameworkHALDriver/Src/stm32g4xx_hal_smbus_ex.o
LOAD .pio/build/app/FrameworkHALDriver/Src/stm32g4xx_hal_spi.o
LOAD .pio/build/app/FrameworkHALDriver/Src/stm32g4xx_hal_spi_ex.o
LOAD .pio/build/app/FrameworkHALDriver/Src/stm32g4xx_hal_sram.o
LOAD .pio/build/app/FrameworkHALDriver/Src/stm32g4xx_hal_tim.o
LOAD .pio/build/app/FrameworkHALDriver/Src/stm32g4xx_hal_tim_ex.o
LOAD .pio/build/app/FrameworkHALDriver/Src/stm32g4xx_hal_uart.o
LOAD .pio/build/app/FrameworkHALDriver/Src/stm32g4xx_hal_uart_ex.o
LOAD .pio/build/app/FrameworkHALDriver/Src/stm32g4xx_hal_usart.o
LOAD .pio/build/app/FrameworkHALDriver/Src/stm32g4xx_hal_usart_ex.o
LOAD .pio/build/app/FrameworkHALDriver/Src/stm32g4xx_hal_wwdg.o
LOAD .pio/build/app/FrameworkHALDriver/Src/stm32g4xx_ll_adc.o
LOAD .pio/build/app/FrameworkHALDriver/Src/stm32g4xx_ll_comp.o
LOAD .pio/build/app/FrameworkHALDriver/Src/stm32g4xx_ll_cordic.o
LOAD .pio/build/app/FrameworkHALDriver/Src/stm32g4xx_ll_crc.o
LOAD .pio/build/app/FrameworkHALDriver/Src/stm32g4xx_ll_crs.o
LOAD .pio/build/app/FrameworkHALDriver/Src/stm32g4xx_ll_dac.o
LOAD .pio/build/app/FrameworkHALDriver/Src/stm32g4xx_ll_dma.o
LOAD .pio/build/app/FrameworkHALDriver/Src/stm32g4xx_ll_exti.o
LOAD .pio/build/app/FrameworkHALDriver/Src/stm32g4xx_ll_fmac.o
LOAD .pio/build/app/FrameworkHALDriver/Src/stm32g4xx_ll_fmc.o
LOAD .pio/build/app/FrameworkHALDriver/Src/stm32g4xx_ll_gpio.o
LOAD .pio/build/app/FrameworkHALDriver/Src/stm32g4xx_ll_hrtim.o
LOAD .pio/build/app/FrameworkHALDriver/Src/stm32g4xx_ll_i2c.o
LOAD .pio/build/app/FrameworkHALDriver/Src/stm32g4xx_ll_lptim.o
LOAD .pio/build/app/FrameworkHALDriver/Src/stm32g4xx_ll_lpuart.o
LOAD .pio/build/app/FrameworkHALDriver/Src/stm32g4xx_ll_opamp.o
LOAD .pio/build/app/FrameworkHALDriver/Src/stm32g4xx_ll_pwr.o
LOAD .pio/build/app/FrameworkHALDriver/Src/stm32g4xx_ll_rcc.o
LOAD .pio/build/app/FrameworkHALDriver/Src/stm32g4xx_ll_rng.o
LOAD .pio/build/app/FrameworkHALDriver/Src/stm32g4xx_ll_rtc.o
LOAD .pio/build/app/FrameworkHALDriver/Src/stm32g4xx_ll_spi.o
LOAD .pio/build/app/FrameworkHALDriver/Src/stm32g4xx_ll_tim.o
LOAD .pio/build/app/FrameworkHALDriver/Src/stm32g4xx_ll_ucpd.o
LOAD .pio/build/app/FrameworkHALDriver/Src/stm32g4xx_ll_usart.o
LOAD .pio/build/app/FrameworkHALDriver/Src/stm32g4xx_ll_usb.o
LOAD .pio/build/app/FrameworkHALDriver/Src/stm32g4xx_ll_utils.o
LOAD .pio/build/app/app/src/bootloader.o
LOAD .pio/build/app/app/src/firmware.o
LOAD .pio/build/app/app/src/system.o
START GROUP
LOAD .pio/build/app/libcb0/libFreeRTOS-Kernel.a
LOAD /home/koi/.platformio/packages/toolchain-gccarmnoneeabi@1.70201.0/bin/../lib/gcc/arm-none-eabi/7.2.1/../../../../arm-none-eabi/lib/thumb/v7e-m/fpv4-sp/hard/libc_nano.a
LOAD /home/koi/.platformio/packages/toolchain-gccarmnoneeabi@1.70201.0/bin/../lib/gcc/arm-none-eabi/7.2.1/thumb/v7e-m/fpv4-sp/hard/libgcc.a
LOAD /home/koi/.platformio/packages/toolchain-gccarmnoneeabi@1.70201.0/bin/../lib/gcc/arm-none-eabi/7.2.1/../../../../arm-none-eabi/lib/thumb/v7e-m/fpv4-sp/hard/libm.a
LOAD /home/koi/.platformio/packages/toolchain-gccarmnoneeabi@1.70201.0/bin/../lib/gcc/arm-none-eabi/7.2.1/../../../../arm-none-eabi/lib/thumb/v7e-m/fpv4-sp/hard/libstdc++_nano.a
LOAD /home/koi/.platformio/packages/toolchain-gccarmnoneeabi@1.70201.0/bin/../lib/gcc/arm-none-eabi/7.2.1/../../../../arm-none-eabi/lib/thumb/v7e-m/fpv4-sp/hard/libnosys.a
LOAD .pio/build/app/libFrameworkCMSISDevice.a
END GROUP
START GROUP
LOAD /home/koi/.platformio/packages/toolchain-gccarmnoneeabi@1.70201.0/bin/../lib/gcc/arm-none-eabi/7.2.1/thumb/v7e-m/fpv4-sp/hard/libgcc.a
LOAD /home/koi/.platformio/packages/toolchain-gccarmnoneeabi@1.70201.0/bin/../lib/gcc/arm-none-eabi/7.2.1/../../../../arm-none-eabi/lib/thumb/v7e-m/fpv4-sp/hard/libc_nano.a
END GROUP
START GROUP
LOAD /home/koi/.platformio/packages/toolchain-gccarmnoneeabi@1.70201.0/bin/../lib/gcc/arm-none-eabi/7.2.1/thumb/v7e-m/fpv4-sp/hard/libgcc.a
LOAD /home/koi/.platformio/packages/toolchain-gccarmnoneeabi@1.70201.0/bin/../lib/gcc/arm-none-eabi/7.2.1/../../../../arm-none-eabi/lib/thumb/v7e-m/fpv4-sp/hard/libc_nano.a
LOAD /home/koi/.platformio/packages/toolchain-gccarmnoneeabi@1.70201.0/bin/../lib/gcc/arm-none-eabi/7.2.1/../../../../arm-none-eabi/lib/thumb/v7e-m/fpv4-sp/hard/libnosys.a
END GROUP
START GROUP
LOAD /home/koi/.platformio/packages/toolchain-gccarmnoneeabi@1.70201.0/bin/../lib/gcc/arm-none-eabi/7.2.1/thumb/v7e-m/fpv4-sp/hard/libgcc.a
LOAD /home/koi/.platformio/packages/toolchain-gccarmnoneeabi@1.70201.0/bin/../lib/gcc/arm-none-eabi/7.2.1/../../../../arm-none-eabi/lib/thumb/v7e-m/fpv4-sp/hard/libc_nano.a
LOAD /home/koi/.platformio/packages/toolchain-gccarmnoneeabi@1.70201.0/bin/../lib/gcc/arm-none-eabi/7.2.1/../../../../arm-none-eabi/lib/thumb/v7e-m/fpv4-sp/hard/libnosys.a
END GROUP
LOAD /home/koi/.platformio/packages/toolchain-gccarmnoneeabi@1.70201.0/bin/../lib/gcc/arm-none-eabi/7.2.1/thumb/v7e-m/fpv4-sp/hard/crtend.o
LOAD /home/koi/.platformio/packages/toolchain-gccarmnoneeabi@1.70201.0/bin/../lib/gcc/arm-none-eabi/7.2.1/thumb/v7e-m/fpv4-sp/hard/crtn.o
                0x0000000020020000                _estack = (ORIGIN (RAM) + LENGTH (RAM))
                0x0000000000000200                _Min_Heap_Size = 0x200
                0x0000000000000400                _Min_Stack_Size = 0x400

.text           0x0000000008000000     0x3bb0
 *(.bootloader_section)
 .bootloader_section
                0x0000000008000000      0x2f8 .pio/build/app/app/src/bootloader.o
                0x00000000080002f8                . = ALIGN (0x4)
 *(.isr_vector)
 .isr_vector    0x00000000080002f8      0x1d8 .pio/build/app/libFrameworkCMSISDevice.a(startup_stm32g474xx.o)
                0x00000000080002f8                g_pfnVectors
                0x00000000080004d0                . = ALIGN (0x4)
 *(.text)
 .text          0x00000000080004d0       0x40 /home/koi/.platformio/packages/toolchain-gccarmnoneeabi@1.70201.0/bin/../lib/gcc/arm-none-eabi/7.2.1/thumb/v7e-m/fpv4-sp/hard/crtbegin.o
 .text          0x0000000008000510       0xa0 /home/koi/.platformio/packages/toolchain-gccarmnoneeabi@1.70201.0/bin/../lib/gcc/arm-none-eabi/7.2.1/../../../../arm-none-eabi/lib/thumb/v7e-m/fpv4-sp/hard/libc_nano.a(lib_a-memchr.o)
                0x0000000008000510                memchr
 .text          0x00000000080005b0       0x30 /home/koi/.platformio/packages/toolchain-gccarmnoneeabi@1.70201.0/bin/../lib/gcc/arm-none-eabi/7.2.1/thumb/v7e-m/fpv4-sp/hard/libgcc.a(_aeabi_uldivmod.o)
                0x00000000080005b0                __aeabi_uldivmod
 .text          0x00000000080005e0      0x2cc /home/koi/.platformio/packages/toolchain-gccarmnoneeabi@1.70201.0/bin/../lib/gcc/arm-none-eabi/7.2.1/thumb/v7e-m/fpv4-sp/hard/libgcc.a(_udivmoddi4.o)
                0x00000000080005e0                __udivmoddi4
 .text          0x00000000080008ac        0x4 /home/koi/.platformio/packages/toolchain-gccarmnoneeabi@1.70201.0/bin/../lib/gcc/arm-none-eabi/7.2.1/thumb/v7e-m/fpv4-sp/hard/libgcc.a(_dvmd_tls.o)
                0x00000000080008ac                __aeabi_ldiv0
                0x00000000080008ac                __aeabi_idiv0
 *(.text*)
 .text.HAL_MspInit
                0x00000000080008b0        0x2 .pio/build/app/FrameworkHALDriver/Src/stm32g4xx_hal.o
                0x00000000080008b0                HAL_MspInit
 *fill*         0x00000000080008b2        0x2 
 .text.HAL_InitTick
                0x00000000080008b4       0x4c .pio/build/app/FrameworkHALDriver/Src/stm32g4xx_hal.o
                0x00000000080008b4                HAL_InitTick
 .text.HAL_Init
                0x0000000008000900       0x1e .pio/build/app/FrameworkHALDriver/Src/stm32g4xx_hal.o
                0x0000000008000900                HAL_Init
 *fill*         0x000000000800091e        0x2 
 .text.HAL_IncTick
                0x0000000008000920       0x18 .pio/build/app/FrameworkHALDriver/Src/stm32g4xx_hal.o
                0x0000000008000920                HAL_IncTick
 .text.HAL_GetTick
                0x0000000008000938        0xc .pio/build/app/FrameworkHALDriver/Src/stm32g4xx_hal.o
                0x0000000008000938                HAL_GetTick
 .text.HAL_Delay
                0x0000000008000944       0x28 .pio/build/app/FrameworkHALDriver/Src/stm32g4xx_hal.o
                0x0000000008000944                HAL_Delay
 .text.HAL_NVIC_SetPriorityGrouping
                0x000000000800096c       0x24 .pio/build/app/FrameworkHALDriver/Src/stm32g4xx_hal_cortex.o
                0x000000000800096c                HAL_NVIC_SetPriorityGrouping
 .text.HAL_NVIC_SetPriority
                0x0000000008000990       0x68 .pio/build/app/FrameworkHALDriver/Src/stm32g4xx_hal_cortex.o
                0x0000000008000990                HAL_NVIC_SetPriority
 .text.HAL_SYSTICK_Config
                0x00000000080009f8       0x2c .pio/build/app/FrameworkHALDriver/Src/stm32g4xx_hal_cortex.o
                0x00000000080009f8                HAL_SYSTICK_Config
 .text.HAL_GPIO_Init
                0x0000000008000a24      0x198 .pio/build/app/FrameworkHALDriver/Src/stm32g4xx_hal_gpio.o
                0x0000000008000a24                HAL_GPIO_Init
 .text.HAL_GPIO_WritePin
                0x0000000008000bbc        0xa .pio/build/app/FrameworkHALDriver/Src/stm32g4xx_hal_gpio.o
                0x0000000008000bbc                HAL_GPIO_WritePin
 .text.HAL_GPIO_TogglePin
                0x0000000008000bc6       0x12 .pio/build/app/FrameworkHALDriver/Src/stm32g4xx_hal_gpio.o
                0x0000000008000bc6                HAL_GPIO_TogglePin
 .text.HAL_RCC_OscConfig
                0x0000000008000bd8      0x41c .pio/build/app/FrameworkHALDriver/Src/stm32g4xx_hal_rcc.o
                0x0000000008000bd8                HAL_RCC_OscConfig
 .text.HAL_RCC_GetSysClockFreq
                0x0000000008000ff4       0x70 .pio/build/app/FrameworkHALDriver/Src/stm32g4xx_hal_rcc.o
                0x0000000008000ff4                HAL_RCC_GetSysClockFreq
 .text.HAL_RCC_ClockConfig
                0x0000000008001064      0x1e8 .pio/build/app/FrameworkHALDriver/Src/stm32g4xx_hal_rcc.o
                0x0000000008001064                HAL_RCC_ClockConfig
 .text.HAL_RCC_GetPCLK1Freq
                0x000000000800124c       0x24 .pio/build/app/FrameworkHALDriver/Src/stm32g4xx_hal_rcc.o
                0x000000000800124c                HAL_RCC_GetPCLK1Freq
 .text.HAL_RCC_GetPCLK2Freq
                0x0000000008001270       0x24 .pio/build/app/FrameworkHALDriver/Src/stm32g4xx_hal_rcc.o
                0x0000000008001270                HAL_RCC_GetPCLK2Freq
 .text.SPI_WaitFifoStateUntilTimeout
                0x0000000008001294       0xd0 .pio/build/app/FrameworkHALDriver/Src/stm32g4xx_hal_spi.o
 .text.SPI_WaitFlagStateUntilTimeout
                0x0000000008001364       0xb4 .pio/build/app/FrameworkHALDriver/Src/stm32g4xx_hal_spi.o
 .text.SPI_EndRxTxTransaction
                0x0000000008001418       0x4e .pio/build/app/FrameworkHALDriver/Src/stm32g4xx_hal_spi.o
 .text.HAL_SPI_MspInit
                0x0000000008001466        0x2 .pio/build/app/FrameworkHALDriver/Src/stm32g4xx_hal_spi.o
                0x0000000008001466                HAL_SPI_MspInit
 .text.HAL_SPI_Init
                0x0000000008001468      0x128 .pio/build/app/FrameworkHALDriver/Src/stm32g4xx_hal_spi.o
                0x0000000008001468                HAL_SPI_Init
 .text.HAL_SPI_TransmitReceive
                0x0000000008001590      0x3f8 .pio/build/app/FrameworkHALDriver/Src/stm32g4xx_hal_spi.o
                0x0000000008001590                HAL_SPI_TransmitReceive
 .text.UART_EndRxTransfer
                0x0000000008001988       0x58 .pio/build/app/FrameworkHALDriver/Src/stm32g4xx_hal_uart.o
 .text.HAL_UART_MspInit
                0x00000000080019e0        0x2 .pio/build/app/FrameworkHALDriver/Src/stm32g4xx_hal_uart.o
                0x00000000080019e0                HAL_UART_MspInit
 *fill*         0x00000000080019e2        0x2 
 .text.UART_SetConfig
                0x00000000080019e4      0x2e8 .pio/build/app/FrameworkHALDriver/Src/stm32g4xx_hal_uart.o
                0x00000000080019e4                UART_SetConfig
 .text.UART_AdvFeatureConfig
                0x0000000008001ccc       0xa8 .pio/build/app/FrameworkHALDriver/Src/stm32g4xx_hal_uart.o
                0x0000000008001ccc                UART_AdvFeatureConfig
 .text.UART_WaitOnFlagUntilTimeout
                0x0000000008001d74       0x88 .pio/build/app/FrameworkHALDriver/Src/stm32g4xx_hal_uart.o
                0x0000000008001d74                UART_WaitOnFlagUntilTimeout
 .text.HAL_UART_Transmit
                0x0000000008001dfc       0xaa .pio/build/app/FrameworkHALDriver/Src/stm32g4xx_hal_uart.o
                0x0000000008001dfc                HAL_UART_Transmit
 .text.UART_CheckIdleState
                0x0000000008001ea6       0xb8 .pio/build/app/FrameworkHALDriver/Src/stm32g4xx_hal_uart.o
                0x0000000008001ea6                UART_CheckIdleState
 .text.HAL_UART_Init
                0x0000000008001f5e       0x60 .pio/build/app/FrameworkHALDriver/Src/stm32g4xx_hal_uart.o
                0x0000000008001f5e                HAL_UART_Init
 .text.blink_led
                0x0000000008001fbe       0x16 .pio/build/app/app/src/firmware.o
                0x0000000008001fbe                blink_led
 .text._write   0x0000000008001fd4       0x18 .pio/build/app/app/src/firmware.o
                0x0000000008001fd4                _write
 .text.startup.main
                0x0000000008001fec      0x2c8 .pio/build/app/app/src/firmware.o
                0x0000000008001fec                main
 .text.SysTick_Handler
                0x00000000080022b4        0xe .pio/build/app/app/src/system.o
                0x00000000080022b4                SysTick_Handler
 *fill*         0x00000000080022c2        0x2 
 .text.system_setup
                0x00000000080022c4       0x80 .pio/build/app/app/src/system.o
                0x00000000080022c4                system_setup
 .text.prvTaskExitError
                0x0000000008002344       0x20 .pio/build/app/libcb0/libFreeRTOS-Kernel.a(port.o)
 .text.prvPortStartFirstTask
                0x0000000008002364       0x28 .pio/build/app/libcb0/libFreeRTOS-Kernel.a(port.o)
 .text.vPortEnableVFP
                0x000000000800238c       0x14 .pio/build/app/libcb0/libFreeRTOS-Kernel.a(port.o)
 .text.pxPortInitialiseStack
                0x00000000080023a0       0x2c .pio/build/app/libcb0/libFreeRTOS-Kernel.a(port.o)
                0x00000000080023a0                pxPortInitialiseStack
 .text.SVC_Handler
                0x00000000080023cc       0x20 .pio/build/app/libcb0/libFreeRTOS-Kernel.a(port.o)
                0x00000000080023cc                SVC_Handler
 .text.vPortEnterCritical
                0x00000000080023ec       0x20 .pio/build/app/libcb0/libFreeRTOS-Kernel.a(port.o)
                0x00000000080023ec                vPortEnterCritical
 .text.vPortExitCritical
                0x000000000800240c       0x14 .pio/build/app/libcb0/libFreeRTOS-Kernel.a(port.o)
                0x000000000800240c                vPortExitCritical
 .text.PendSV_Handler
                0x0000000008002420       0x60 .pio/build/app/libcb0/libFreeRTOS-Kernel.a(port.o)
                0x0000000008002420                PendSV_Handler
 .text.xPortSysTickHandler
                0x0000000008002480       0x2c .pio/build/app/libcb0/libFreeRTOS-Kernel.a(port.o)
                0x0000000008002480                xPortSysTickHandler
 .text.vPortSetupTimerInterrupt
                0x00000000080024ac       0x34 .pio/build/app/libcb0/libFreeRTOS-Kernel.a(port.o)
                0x00000000080024ac                vPortSetupTimerInterrupt
 .text.xPortStartScheduler
                0x00000000080024e0       0x4c .pio/build/app/libcb0/libFreeRTOS-Kernel.a(port.o)
                0x00000000080024e0                xPortStartScheduler
 .text.prvIdleTask
                0x000000000800252c       0x24 .pio/build/app/libcb0/libFreeRTOS-Kernel.a(tasks.o)
 .text.prvResetNextTaskUnblockTime
                0x0000000008002550       0x24 .pio/build/app/libcb0/libFreeRTOS-Kernel.a(tasks.o)
 .text.xTaskCreate
                0x0000000008002574      0x1c4 .pio/build/app/libcb0/libFreeRTOS-Kernel.a(tasks.o)
                0x0000000008002574                xTaskCreate
 .text.vTaskStartScheduler
                0x0000000008002738       0x8c .pio/build/app/libcb0/libFreeRTOS-Kernel.a(tasks.o)
                0x0000000008002738                vTaskStartScheduler
 .text.vTaskSuspendAll
                0x00000000080027c4       0x10 .pio/build/app/libcb0/libFreeRTOS-Kernel.a(tasks.o)
                0x00000000080027c4                vTaskSuspendAll
 .text.xTaskIncrementTick
                0x00000000080027d4      0x17c .pio/build/app/libcb0/libFreeRTOS-Kernel.a(tasks.o)
                0x00000000080027d4                xTaskIncrementTick
 .text.xTaskResumeAll
                0x0000000008002950      0x154 .pio/build/app/libcb0/libFreeRTOS-Kernel.a(tasks.o)
                0x0000000008002950                xTaskResumeAll
 .text.vTaskSwitchContext
                0x0000000008002aa4       0x60 .pio/build/app/libcb0/libFreeRTOS-Kernel.a(tasks.o)
                0x0000000008002aa4                vTaskSwitchContext
 .text.pvPortMalloc
                0x0000000008002b04       0xf8 .pio/build/app/libcb0/libFreeRTOS-Kernel.a(heap_4.o)
                0x0000000008002b04                pvPortMalloc
 .text.vPortFree
                0x0000000008002bfc       0x90 .pio/build/app/libcb0/libFreeRTOS-Kernel.a(heap_4.o)
                0x0000000008002bfc                vPortFree
 .text.vListInitialise
                0x0000000008002c8c       0x16 .pio/build/app/libcb0/libFreeRTOS-Kernel.a(list.o)
                0x0000000008002c8c                vListInitialise
 .text.vListInitialiseItem
                0x0000000008002ca2        0x6 .pio/build/app/libcb0/libFreeRTOS-Kernel.a(list.o)
                0x0000000008002ca2                vListInitialiseItem
 .text.__libc_init_array
                0x0000000008002ca8       0x48 /home/koi/.platformio/packages/toolchain-gccarmnoneeabi@1.70201.0/bin/../lib/gcc/arm-none-eabi/7.2.1/../../../../arm-none-eabi/lib/thumb/v7e-m/fpv4-sp/hard/libc_nano.a(lib_a-init.o)
                0x0000000008002ca8                __libc_init_array
 .text.memset   0x0000000008002cf0       0x10 /home/koi/.platformio/packages/toolchain-gccarmnoneeabi@1.70201.0/bin/../lib/gcc/arm-none-eabi/7.2.1/../../../../arm-none-eabi/lib/thumb/v7e-m/fpv4-sp/hard/libc_nano.a(lib_a-memset.o)
                0x0000000008002cf0                memset
 .text.printf   0x0000000008002d00       0x30 /home/koi/.platformio/packages/toolchain-gccarmnoneeabi@1.70201.0/bin/../lib/gcc/arm-none-eabi/7.2.1/../../../../arm-none-eabi/lib/thumb/v7e-m/fpv4-sp/hard/libc_nano.a(lib_a-printf.o)
                0x0000000008002d00                printf
                0x0000000008002d00                iprintf
 .text.std      0x0000000008002d30       0x48 /home/koi/.platformio/packages/toolchain-gccarmnoneeabi@1.70201.0/bin/../lib/gcc/arm-none-eabi/7.2.1/../../../../arm-none-eabi/lib/thumb/v7e-m/fpv4-sp/hard/libc_nano.a(lib_a-findfp.o)
 .text._cleanup_r
                0x0000000008002d78        0xc /home/koi/.platformio/packages/toolchain-gccarmnoneeabi@1.70201.0/bin/../lib/gcc/arm-none-eabi/7.2.1/../../../../arm-none-eabi/lib/thumb/v7e-m/fpv4-sp/hard/libc_nano.a(lib_a-findfp.o)
                0x0000000008002d78                _cleanup_r
 .text.__sfmoreglue
                0x0000000008002d84       0x2c /home/koi/.platformio/packages/toolchain-gccarmnoneeabi@1.70201.0/bin/../lib/gcc/arm-none-eabi/7.2.1/../../../../arm-none-eabi/lib/thumb/v7e-m/fpv4-sp/hard/libc_nano.a(lib_a-findfp.o)
                0x0000000008002d84                __sfmoreglue
 .text.__sinit  0x0000000008002db0       0x60 /home/koi/.platformio/packages/toolchain-gccarmnoneeabi@1.70201.0/bin/../lib/gcc/arm-none-eabi/7.2.1/../../../../arm-none-eabi/lib/thumb/v7e-m/fpv4-sp/hard/libc_nano.a(lib_a-findfp.o)
                0x0000000008002db0                __sinit
 .text.__sfp    0x0000000008002e10       0x78 /home/koi/.platformio/packages/toolchain-gccarmnoneeabi@1.70201.0/bin/../lib/gcc/arm-none-eabi/7.2.1/../../../../arm-none-eabi/lib/thumb/v7e-m/fpv4-sp/hard/libc_nano.a(lib_a-findfp.o)
                0x0000000008002e10                __sfp
 .text._fwalk_reent
                0x0000000008002e88       0x3c /home/koi/.platformio/packages/toolchain-gccarmnoneeabi@1.70201.0/bin/../lib/gcc/arm-none-eabi/7.2.1/../../../../arm-none-eabi/lib/thumb/v7e-m/fpv4-sp/hard/libc_nano.a(lib_a-fwalk.o)
                0x0000000008002e88                _fwalk_reent
 .text._malloc_r
                0x0000000008002ec4       0xb4 /home/koi/.platformio/packages/toolchain-gccarmnoneeabi@1.70201.0/bin/../lib/gcc/arm-none-eabi/7.2.1/../../../../arm-none-eabi/lib/thumb/v7e-m/fpv4-sp/hard/libc_nano.a(lib_a-nano-mallocr.o)
                0x0000000008002ec4                _malloc_r
 .text.__sfputc_r
                0x0000000008002f78       0x2e /home/koi/.platformio/packages/toolchain-gccarmnoneeabi@1.70201.0/bin/../lib/gcc/arm-none-eabi/7.2.1/../../../../arm-none-eabi/lib/thumb/v7e-m/fpv4-sp/hard/libc_nano.a(lib_a-nano-vfprintf.o)
 .text.__sfputs_r
                0x0000000008002fa6       0x24 /home/koi/.platformio/packages/toolchain-gccarmnoneeabi@1.70201.0/bin/../lib/gcc/arm-none-eabi/7.2.1/../../../../arm-none-eabi/lib/thumb/v7e-m/fpv4-sp/hard/libc_nano.a(lib_a-nano-vfprintf.o)
                0x0000000008002fa6                __sfputs_r
 *fill*         0x0000000008002fca        0x2 
 .text._vfprintf_r
                0x0000000008002fcc      0x228 /home/koi/.platformio/packages/toolchain-gccarmnoneeabi@1.70201.0/bin/../lib/gcc/arm-none-eabi/7.2.1/../../../../arm-none-eabi/lib/thumb/v7e-m/fpv4-sp/hard/libc_nano.a(lib_a-nano-vfprintf.o)
                0x0000000008002fcc                _vfiprintf_r
                0x0000000008002fcc                _vfprintf_r
 .text._printf_common
                0x00000000080031f4       0xea /home/koi/.platformio/packages/toolchain-gccarmnoneeabi@1.70201.0/bin/../lib/gcc/arm-none-eabi/7.2.1/../../../../arm-none-eabi/lib/thumb/v7e-m/fpv4-sp/hard/libc_nano.a(lib_a-nano-vfprintf_i.o)
                0x00000000080031f4                _printf_common
 *fill*         0x00000000080032de        0x2 
 .text._printf_i
                0x00000000080032e0      0x224 /home/koi/.platformio/packages/toolchain-gccarmnoneeabi@1.70201.0/bin/../lib/gcc/arm-none-eabi/7.2.1/../../../../arm-none-eabi/lib/thumb/v7e-m/fpv4-sp/hard/libc_nano.a(lib_a-nano-vfprintf_i.o)
                0x00000000080032e0                _printf_i
 .text._sbrk_r  0x0000000008003504       0x20 /home/koi/.platformio/packages/toolchain-gccarmnoneeabi@1.70201.0/bin/../lib/gcc/arm-none-eabi/7.2.1/../../../../arm-none-eabi/lib/thumb/v7e-m/fpv4-sp/hard/libc_nano.a(lib_a-sbrkr.o)
                0x0000000008003504                _sbrk_r
 .text.__sread  0x0000000008003524       0x22 /home/koi/.platformio/packages/toolchain-gccarmnoneeabi@1.70201.0/bin/../lib/gcc/arm-none-eabi/7.2.1/../../../../arm-none-eabi/lib/thumb/v7e-m/fpv4-sp/hard/libc_nano.a(lib_a-stdio.o)
                0x0000000008003524                __sread
 .text.__swrite
                0x0000000008003546       0x38 /home/koi/.platformio/packages/toolchain-gccarmnoneeabi@1.70201.0/bin/../lib/gcc/arm-none-eabi/7.2.1/../../../../arm-none-eabi/lib/thumb/v7e-m/fpv4-sp/hard/libc_nano.a(lib_a-stdio.o)
                0x0000000008003546                __swrite
 .text.__sseek  0x000000000800357e       0x24 /home/koi/.platformio/packages/toolchain-gccarmnoneeabi@1.70201.0/bin/../lib/gcc/arm-none-eabi/7.2.1/../../../../arm-none-eabi/lib/thumb/v7e-m/fpv4-sp/hard/libc_nano.a(lib_a-stdio.o)
                0x000000000800357e                __sseek
 .text.__sclose
                0x00000000080035a2        0x8 /home/koi/.platformio/packages/toolchain-gccarmnoneeabi@1.70201.0/bin/../lib/gcc/arm-none-eabi/7.2.1/../../../../arm-none-eabi/lib/thumb/v7e-m/fpv4-sp/hard/libc_nano.a(lib_a-stdio.o)
                0x00000000080035a2                __sclose
 *fill*         0x00000000080035aa        0x2 
 .text.__swbuf_r
                0x00000000080035ac       0xa4 /home/koi/.platformio/packages/toolchain-gccarmnoneeabi@1.70201.0/bin/../lib/gcc/arm-none-eabi/7.2.1/../../../../arm-none-eabi/lib/thumb/v7e-m/fpv4-sp/hard/libc_nano.a(lib_a-wbuf.o)
                0x00000000080035ac                __swbuf_r
 .text._write_r
                0x0000000008003650       0x24 /home/koi/.platformio/packages/toolchain-gccarmnoneeabi@1.70201.0/bin/../lib/gcc/arm-none-eabi/7.2.1/../../../../arm-none-eabi/lib/thumb/v7e-m/fpv4-sp/hard/libc_nano.a(lib_a-writer.o)
                0x0000000008003650                _write_r
 .text.__swsetup_r
                0x0000000008003674       0xdc /home/koi/.platformio/packages/toolchain-gccarmnoneeabi@1.70201.0/bin/../lib/gcc/arm-none-eabi/7.2.1/../../../../arm-none-eabi/lib/thumb/v7e-m/fpv4-sp/hard/libc_nano.a(lib_a-wsetup.o)
                0x0000000008003674                __swsetup_r
 .text._close_r
                0x0000000008003750       0x20 /home/koi/.platformio/packages/toolchain-gccarmnoneeabi@1.70201.0/bin/../lib/gcc/arm-none-eabi/7.2.1/../../../../arm-none-eabi/lib/thumb/v7e-m/fpv4-sp/hard/libc_nano.a(lib_a-closer.o)
                0x0000000008003750                _close_r
 .text.__sflush_r
                0x0000000008003770      0x10c /home/koi/.platformio/packages/toolchain-gccarmnoneeabi@1.70201.0/bin/../lib/gcc/arm-none-eabi/7.2.1/../../../../arm-none-eabi/lib/thumb/v7e-m/fpv4-sp/hard/libc_nano.a(lib_a-fflush.o)
                0x0000000008003770                __sflush_r
 .text._fflush_r
                0x000000000800387c       0x54 /home/koi/.platformio/packages/toolchain-gccarmnoneeabi@1.70201.0/bin/../lib/gcc/arm-none-eabi/7.2.1/../../../../arm-none-eabi/lib/thumb/v7e-m/fpv4-sp/hard/libc_nano.a(lib_a-fflush.o)
                0x000000000800387c                _fflush_r
 .text._lseek_r
                0x00000000080038d0       0x24 /home/koi/.platformio/packages/toolchain-gccarmnoneeabi@1.70201.0/bin/../lib/gcc/arm-none-eabi/7.2.1/../../../../arm-none-eabi/lib/thumb/v7e-m/fpv4-sp/hard/libc_nano.a(lib_a-lseekr.o)
                0x00000000080038d0                _lseek_r
 .text.__swhatbuf_r
                0x00000000080038f4       0x48 /home/koi/.platformio/packages/toolchain-gccarmnoneeabi@1.70201.0/bin/../lib/gcc/arm-none-eabi/7.2.1/../../../../arm-none-eabi/lib/thumb/v7e-m/fpv4-sp/hard/libc_nano.a(lib_a-makebuf.o)
                0x00000000080038f4                __swhatbuf_r
 .text.__smakebuf_r
                0x000000000800393c       0x80 /home/koi/.platformio/packages/toolchain-gccarmnoneeabi@1.70201.0/bin/../lib/gcc/arm-none-eabi/7.2.1/../../../../arm-none-eabi/lib/thumb/v7e-m/fpv4-sp/hard/libc_nano.a(lib_a-makebuf.o)
                0x000000000800393c                __smakebuf_r
 .text.__malloc_lock
                0x00000000080039bc        0x2 /home/koi/.platformio/packages/toolchain-gccarmnoneeabi@1.70201.0/bin/../lib/gcc/arm-none-eabi/7.2.1/../../../../arm-none-eabi/lib/thumb/v7e-m/fpv4-sp/hard/libc_nano.a(lib_a-mlock.o)
                0x00000000080039bc                __malloc_lock
 .text.__malloc_unlock
                0x00000000080039be        0x2 /home/koi/.platformio/packages/toolchain-gccarmnoneeabi@1.70201.0/bin/../lib/gcc/arm-none-eabi/7.2.1/../../../../arm-none-eabi/lib/thumb/v7e-m/fpv4-sp/hard/libc_nano.a(lib_a-mlock.o)
                0x00000000080039be                __malloc_unlock
 .text._free_r  0x00000000080039c0       0x9c /home/koi/.platformio/packages/toolchain-gccarmnoneeabi@1.70201.0/bin/../lib/gcc/arm-none-eabi/7.2.1/../../../../arm-none-eabi/lib/thumb/v7e-m/fpv4-sp/hard/libc_nano.a(lib_a-nano-freer.o)
                0x00000000080039c0                _free_r
 .text._read_r  0x0000000008003a5c       0x24 /home/koi/.platformio/packages/toolchain-gccarmnoneeabi@1.70201.0/bin/../lib/gcc/arm-none-eabi/7.2.1/../../../../arm-none-eabi/lib/thumb/v7e-m/fpv4-sp/hard/libc_nano.a(lib_a-readr.o)
                0x0000000008003a5c                _read_r
 .text._fstat_r
                0x0000000008003a80       0x24 /home/koi/.platformio/packages/toolchain-gccarmnoneeabi@1.70201.0/bin/../lib/gcc/arm-none-eabi/7.2.1/../../../../arm-none-eabi/lib/thumb/v7e-m/fpv4-sp/hard/libc_nano.a(lib_a-fstatr.o)
                0x0000000008003a80                _fstat_r
 .text._isatty_r
                0x0000000008003aa4       0x20 /home/koi/.platformio/packages/toolchain-gccarmnoneeabi@1.70201.0/bin/../lib/gcc/arm-none-eabi/7.2.1/../../../../arm-none-eabi/lib/thumb/v7e-m/fpv4-sp/hard/libc_nano.a(lib_a-isattyr.o)
                0x0000000008003aa4                _isatty_r
 .text._close   0x0000000008003ac4       0x10 /home/koi/.platformio/packages/toolchain-gccarmnoneeabi@1.70201.0/bin/../lib/gcc/arm-none-eabi/7.2.1/../../../../arm-none-eabi/lib/thumb/v7e-m/fpv4-sp/hard/libnosys.a(close.o)
                0x0000000008003ac4                _close
 .text._fstat   0x0000000008003ad4       0x10 /home/koi/.platformio/packages/toolchain-gccarmnoneeabi@1.70201.0/bin/../lib/gcc/arm-none-eabi/7.2.1/../../../../arm-none-eabi/lib/thumb/v7e-m/fpv4-sp/hard/libnosys.a(fstat.o)
                0x0000000008003ad4                _fstat
 .text._isatty  0x0000000008003ae4       0x10 /home/koi/.platformio/packages/toolchain-gccarmnoneeabi@1.70201.0/bin/../lib/gcc/arm-none-eabi/7.2.1/../../../../arm-none-eabi/lib/thumb/v7e-m/fpv4-sp/hard/libnosys.a(isatty.o)
                0x0000000008003ae4                _isatty
 .text._lseek   0x0000000008003af4       0x10 /home/koi/.platformio/packages/toolchain-gccarmnoneeabi@1.70201.0/bin/../lib/gcc/arm-none-eabi/7.2.1/../../../../arm-none-eabi/lib/thumb/v7e-m/fpv4-sp/hard/libnosys.a(lseek.o)
                0x0000000008003af4                _lseek
 .text._read    0x0000000008003b04       0x10 /home/koi/.platformio/packages/toolchain-gccarmnoneeabi@1.70201.0/bin/../lib/gcc/arm-none-eabi/7.2.1/../../../../arm-none-eabi/lib/thumb/v7e-m/fpv4-sp/hard/libnosys.a(read.o)
                0x0000000008003b04                _read
 .text._sbrk    0x0000000008003b14       0x1c /home/koi/.platformio/packages/toolchain-gccarmnoneeabi@1.70201.0/bin/../lib/gcc/arm-none-eabi/7.2.1/../../../../arm-none-eabi/lib/thumb/v7e-m/fpv4-sp/hard/libnosys.a(sbrk.o)
                0x0000000008003b14                _sbrk
 .text.Reset_Handler
                0x0000000008003b30       0x50 .pio/build/app/libFrameworkCMSISDevice.a(startup_stm32g474xx.o)
                0x0000000008003b30                Reset_Handler
 .text.Default_Handler
                0x0000000008003b80        0x2 .pio/build/app/libFrameworkCMSISDevice.a(startup_stm32g474xx.o)
                0x0000000008003b80                RTC_Alarm_IRQHandler
                0x0000000008003b80                EXTI2_IRQHandler
                0x0000000008003b80                TIM8_TRG_COM_IRQHandler
                0x0000000008003b80                TIM8_CC_IRQHandler
                0x0000000008003b80                HRTIM1_Master_IRQHandler
                0x0000000008003b80                DebugMon_Handler
                0x0000000008003b80                SPI4_IRQHandler
                0x0000000008003b80                FDCAN3_IT0_IRQHandler
                0x0000000008003b80                TIM1_CC_IRQHandler
                0x0000000008003b80                HardFault_Handler
                0x0000000008003b80                HRTIM1_FLT_IRQHandler
                0x0000000008003b80                HRTIM1_TIMF_IRQHandler
                0x0000000008003b80                USB_HP_IRQHandler
                0x0000000008003b80                CORDIC_IRQHandler
                0x0000000008003b80                HRTIM1_TIMD_IRQHandler
                0x0000000008003b80                DMA2_Channel8_IRQHandler
                0x0000000008003b80                NMI_Handler
                0x0000000008003b80                EXTI3_IRQHandler
                0x0000000008003b80                I2C3_ER_IRQHandler
                0x0000000008003b80                EXTI0_IRQHandler
                0x0000000008003b80                I2C2_EV_IRQHandler
                0x0000000008003b80                FPU_IRQHandler
                0x0000000008003b80                FDCAN1_IT1_IRQHandler
                0x0000000008003b80                TIM1_UP_TIM16_IRQHandler
                0x0000000008003b80                UsageFault_Handler
                0x0000000008003b80                ADC1_2_IRQHandler
                0x0000000008003b80                HRTIM1_TIME_IRQHandler
                0x0000000008003b80                SPI1_IRQHandler
                0x0000000008003b80                TIM6_DAC_IRQHandler
                0x0000000008003b80                HRTIM1_TIMC_IRQHandler
                0x0000000008003b80                TIM8_UP_IRQHandler
                0x0000000008003b80                DMA2_Channel2_IRQHandler
                0x0000000008003b80                DMA1_Channel4_IRQHandler
                0x0000000008003b80                TIM20_TRG_COM_IRQHandler
                0x0000000008003b80                USART3_IRQHandler
                0x0000000008003b80                DMA1_Channel7_IRQHandler
                0x0000000008003b80                UART5_IRQHandler
                0x0000000008003b80                ADC3_IRQHandler
                0x0000000008003b80                TIM4_IRQHandler
                0x0000000008003b80                DMA2_Channel1_IRQHandler
                0x0000000008003b80                QUADSPI_IRQHandler
                0x0000000008003b80                I2C1_EV_IRQHandler
                0x0000000008003b80                DMA1_Channel6_IRQHandler
                0x0000000008003b80                UART4_IRQHandler
                0x0000000008003b80                DMA2_Channel4_IRQHandler
                0x0000000008003b80                TIM3_IRQHandler
                0x0000000008003b80                RCC_IRQHandler
                0x0000000008003b80                TIM20_UP_IRQHandler
                0x0000000008003b80                DMA1_Channel1_IRQHandler
                0x0000000008003b80                Default_Handler
                0x0000000008003b80                DMA2_Channel7_IRQHandler
                0x0000000008003b80                RTC_TAMP_LSECSS_IRQHandler
                0x0000000008003b80                FMAC_IRQHandler
                0x0000000008003b80                EXTI15_10_IRQHandler
                0x0000000008003b80                DMA1_Channel8_IRQHandler
                0x0000000008003b80                HRTIM1_TIMA_IRQHandler
                0x0000000008003b80                TIM7_DAC_IRQHandler
                0x0000000008003b80                FDCAN3_IT1_IRQHandler
                0x0000000008003b80                TIM5_IRQHandler
                0x0000000008003b80                UCPD1_IRQHandler
                0x0000000008003b80                I2C3_EV_IRQHandler
                0x0000000008003b80                EXTI9_5_IRQHandler
                0x0000000008003b80                RTC_WKUP_IRQHandler
                0x0000000008003b80                PVD_PVM_IRQHandler
                0x0000000008003b80                SPI2_IRQHandler
                0x0000000008003b80                MemManage_Handler
                0x0000000008003b80                ADC5_IRQHandler
                0x0000000008003b80                DMA2_Channel5_IRQHandler
                0x0000000008003b80                CRS_IRQHandler
                0x0000000008003b80                DMA1_Channel5_IRQHandler
                0x0000000008003b80                USB_LP_IRQHandler
                0x0000000008003b80                EXTI4_IRQHandler
                0x0000000008003b80                RNG_IRQHandler
                0x0000000008003b80                HRTIM1_TIMB_IRQHandler
                0x0000000008003b80                TIM1_TRG_COM_TIM17_IRQHandler
                0x0000000008003b80                FDCAN2_IT1_IRQHandler
                0x0000000008003b80                DMA1_Channel3_IRQHandler
                0x0000000008003b80                ADC4_IRQHandler
                0x0000000008003b80                WWDG_IRQHandler
                0x0000000008003b80                I2C4_EV_IRQHandler
                0x0000000008003b80                FDCAN2_IT0_IRQHandler
                0x0000000008003b80                LPUART1_IRQHandler
                0x0000000008003b80                DMA2_Channel6_IRQHandler
                0x0000000008003b80                FDCAN1_IT0_IRQHandler
                0x0000000008003b80                TIM2_IRQHandler
                0x0000000008003b80                COMP7_IRQHandler
                0x0000000008003b80                COMP1_2_3_IRQHandler
                0x0000000008003b80                EXTI1_IRQHandler
                0x0000000008003b80                USART2_IRQHandler
                0x0000000008003b80                COMP4_5_6_IRQHandler
                0x0000000008003b80                TIM20_BRK_IRQHandler
                0x0000000008003b80                I2C2_ER_IRQHandler
                0x0000000008003b80                DMA1_Channel2_IRQHandler
                0x0000000008003b80                TIM8_BRK_IRQHandler
                0x0000000008003b80                FLASH_IRQHandler
                0x0000000008003b80                TIM20_CC_IRQHandler
                0x0000000008003b80                BusFault_Handler
                0x0000000008003b80                USART1_IRQHandler
                0x0000000008003b80                SPI3_IRQHandler
                0x0000000008003b80                I2C1_ER_IRQHandler
                0x0000000008003b80                FMC_IRQHandler
                0x0000000008003b80                LPTIM1_IRQHandler
                0x0000000008003b80                DMAMUX_OVR_IRQHandler
                0x0000000008003b80                I2C4_ER_IRQHandler
                0x0000000008003b80                USBWakeUp_IRQHandler
                0x0000000008003b80                SAI1_IRQHandler
                0x0000000008003b80                DMA2_Channel3_IRQHandler
                0x0000000008003b80                TIM1_BRK_TIM15_IRQHandler
 *fill*         0x0000000008003b82        0x2 
 .text.SystemInit
                0x0000000008003b84       0x14 .pio/build/app/libFrameworkCMSISDevice.a(system_stm32g4xx.o)
                0x0000000008003b84                SystemInit
 *(.glue_7)
 .glue_7        0x0000000008003b98        0x0 linker stubs
 *(.glue_7t)
 .glue_7t       0x0000000008003b98        0x0 linker stubs
 *(.eh_frame)
 .eh_frame      0x0000000008003b98        0x0 /home/koi/.platformio/packages/toolchain-gccarmnoneeabi@1.70201.0/bin/../lib/gcc/arm-none-eabi/7.2.1/thumb/v7e-m/fpv4-sp/hard/crtbegin.o
 *(.init)
 .init          0x0000000008003b98        0x4 /home/koi/.platformio/packages/toolchain-gccarmnoneeabi@1.70201.0/bin/../lib/gcc/arm-none-eabi/7.2.1/thumb/v7e-m/fpv4-sp/hard/crti.o
                0x0000000008003b98                _init
 .init          0x0000000008003b9c        0x8 /home/koi/.platformio/packages/toolchain-gccarmnoneeabi@1.70201.0/bin/../lib/gcc/arm-none-eabi/7.2.1/thumb/v7e-m/fpv4-sp/hard/crtn.o
 *(.fini)
 .fini          0x0000000008003ba4        0x4 /home/koi/.platformio/packages/toolchain-gccarmnoneeabi@1.70201.0/bin/../lib/gcc/arm-none-eabi/7.2.1/thumb/v7e-m/fpv4-sp/hard/crti.o
                0x0000000008003ba4                _fini
 .fini          0x0000000008003ba8        0x8 /home/koi/.platformio/packages/toolchain-gccarmnoneeabi@1.70201.0/bin/../lib/gcc/arm-none-eabi/7.2.1/thumb/v7e-m/fpv4-sp/hard/crtn.o
                0x0000000008003bb0                . = ALIGN (0x4)
                0x0000000008003bb0                _etext = .

.vfp11_veneer   0x0000000008003bb0        0x0
 .vfp11_veneer  0x0000000008003bb0        0x0 linker stubs

.v4_bx          0x0000000008003bb0        0x0
 .v4_bx         0x0000000008003bb0        0x0 linker stubs

.iplt           0x0000000008003bb0        0x0
 .iplt          0x0000000008003bb0        0x0 /home/koi/.platformio/packages/toolchain-gccarmnoneeabi@1.70201.0/bin/../lib/gcc/arm-none-eabi/7.2.1/thumb/v7e-m/fpv4-sp/hard/crtbegin.o

.rodata         0x0000000008003bb0      0x150
                0x0000000008003bb0                . = ALIGN (0x4)
 *(.rodata)
 .rodata        0x0000000008003bb0        0x6 .pio/build/app/app/src/firmware.o
 *(.rodata*)
 .rodata.CSWTCH.60
                0x0000000008003bb6        0x4 .pio/build/app/FrameworkHALDriver/Src/stm32g4xx_hal_uart.o
 .rodata.CSWTCH.61
                0x0000000008003bba        0xd .pio/build/app/FrameworkHALDriver/Src/stm32g4xx_hal_uart.o
 *fill*         0x0000000008003bc7        0x1 
 .rodata.UARTPrescTable
                0x0000000008003bc8       0x18 .pio/build/app/FrameworkHALDriver/Src/stm32g4xx_hal_uart.o
                0x0000000008003bc8                UARTPrescTable
 .rodata.main.str1.1
                0x0000000008003be0       0x6b .pio/build/app/app/src/firmware.o
 .rodata.vTaskStartScheduler.str1.1
                0x0000000008003c4b        0x5 .pio/build/app/libcb0/libFreeRTOS-Kernel.a(tasks.o)
 .rodata._global_impure_ptr
                0x0000000008003c50        0x4 /home/koi/.platformio/packages/toolchain-gccarmnoneeabi@1.70201.0/bin/../lib/gcc/arm-none-eabi/7.2.1/../../../../arm-none-eabi/lib/thumb/v7e-m/fpv4-sp/hard/libc_nano.a(lib_a-impure.o)
                0x0000000008003c50                _global_impure_ptr
 .rodata.__sf_fake_stderr
                0x0000000008003c54       0x20 /home/koi/.platformio/packages/toolchain-gccarmnoneeabi@1.70201.0/bin/../lib/gcc/arm-none-eabi/7.2.1/../../../../arm-none-eabi/lib/thumb/v7e-m/fpv4-sp/hard/libc_nano.a(lib_a-findfp.o)
                0x0000000008003c54                __sf_fake_stderr
 .rodata.__sf_fake_stdin
                0x0000000008003c74       0x20 /home/koi/.platformio/packages/toolchain-gccarmnoneeabi@1.70201.0/bin/../lib/gcc/arm-none-eabi/7.2.1/../../../../arm-none-eabi/lib/thumb/v7e-m/fpv4-sp/hard/libc_nano.a(lib_a-findfp.o)
                0x0000000008003c74                __sf_fake_stdin
 .rodata.__sf_fake_stdout
                0x0000000008003c94       0x20 /home/koi/.platformio/packages/toolchain-gccarmnoneeabi@1.70201.0/bin/../lib/gcc/arm-none-eabi/7.2.1/../../../../arm-none-eabi/lib/thumb/v7e-m/fpv4-sp/hard/libc_nano.a(lib_a-findfp.o)
                0x0000000008003c94                __sf_fake_stdout
 .rodata._vfprintf_r.str1.1
                0x0000000008003cb4       0x11 /home/koi/.platformio/packages/toolchain-gccarmnoneeabi@1.70201.0/bin/../lib/gcc/arm-none-eabi/7.2.1/../../../../arm-none-eabi/lib/thumb/v7e-m/fpv4-sp/hard/libc_nano.a(lib_a-nano-vfprintf.o)
 .rodata._printf_i.str1.1
                0x0000000008003cc5       0x22 /home/koi/.platformio/packages/toolchain-gccarmnoneeabi@1.70201.0/bin/../lib/gcc/arm-none-eabi/7.2.1/../../../../arm-none-eabi/lib/thumb/v7e-m/fpv4-sp/hard/libc_nano.a(lib_a-nano-vfprintf_i.o)
 .rodata.AHBPrescTable
                0x0000000008003ce7       0x10 .pio/build/app/libFrameworkCMSISDevice.a(system_stm32g4xx.o)
                0x0000000008003ce7                AHBPrescTable
 .rodata.APBPrescTable
                0x0000000008003cf7        0x8 .pio/build/app/libFrameworkCMSISDevice.a(system_stm32g4xx.o)
                0x0000000008003cf7                APBPrescTable
                0x0000000008003d00                . = ALIGN (0x4)
 *fill*         0x0000000008003cff        0x1 

.ARM.extab      0x0000000008003d00        0x0
                0x0000000008003d00                . = ALIGN (0x4)
 *(.ARM.extab* .gnu.linkonce.armextab.*)
                0x0000000008003d00                . = ALIGN (0x4)

.ARM            0x0000000008003d00        0x8
                0x0000000008003d00                . = ALIGN (0x4)
                0x0000000008003d00                __exidx_start = .
 *(.ARM.exidx*)
 .ARM.exidx     0x0000000008003d00        0x8 /home/koi/.platformio/packages/toolchain-gccarmnoneeabi@1.70201.0/bin/../lib/gcc/arm-none-eabi/7.2.1/thumb/v7e-m/fpv4-sp/hard/libgcc.a(_udivmoddi4.o)
                0x0000000008003d08                __exidx_end = .
                0x0000000008003d08                . = ALIGN (0x4)

.rel.dyn        0x0000000008003d08        0x0
 .rel.iplt      0x0000000008003d08        0x0 /home/koi/.platformio/packages/toolchain-gccarmnoneeabi@1.70201.0/bin/../lib/gcc/arm-none-eabi/7.2.1/thumb/v7e-m/fpv4-sp/hard/crtbegin.o

.preinit_array  0x0000000008003d08        0x0
                0x0000000008003d08                . = ALIGN (0x4)
                0x0000000008003d08                PROVIDE (__preinit_array_start, .)
 *(.preinit_array*)
                0x0000000008003d08                PROVIDE (__preinit_array_end, .)
                0x0000000008003d08                . = ALIGN (0x4)

.init_array     0x0000000008003d08        0x4
                0x0000000008003d08                . = ALIGN (0x4)
                0x0000000008003d08                PROVIDE (__init_array_start, .)
 *(SORT_BY_NAME(.init_array.*))
 *(.init_array*)
 .init_array    0x0000000008003d08        0x4 /home/koi/.platformio/packages/toolchain-gccarmnoneeabi@1.70201.0/bin/../lib/gcc/arm-none-eabi/7.2.1/thumb/v7e-m/fpv4-sp/hard/crtbegin.o
                0x0000000008003d0c                PROVIDE (__init_array_end, .)
                0x0000000008003d0c                . = ALIGN (0x4)

.fini_array     0x0000000008003d0c        0x4
                0x0000000008003d0c                . = ALIGN (0x4)
                [!provide]                        PROVIDE (__fini_array_start, .)
 *(SORT_BY_NAME(.fini_array.*))
 *(.fini_array*)
 .fini_array    0x0000000008003d0c        0x4 /home/koi/.platformio/packages/toolchain-gccarmnoneeabi@1.70201.0/bin/../lib/gcc/arm-none-eabi/7.2.1/thumb/v7e-m/fpv4-sp/hard/crtbegin.o
                [!provide]                        PROVIDE (__fini_array_end, .)
                0x0000000008003d10                . = ALIGN (0x4)
                0x0000000008003d10                _sidata = LOADADDR (.data)

.data           0x0000000020000000       0x78 load address 0x0000000008003d10
                0x0000000020000000                . = ALIGN (0x4)
                0x0000000020000000                _sdata = .
 *(.data)
 *(.data*)
 .data.uwTickFreq
                0x0000000020000000        0x4 .pio/build/app/FrameworkHALDriver/Src/stm32g4xx_hal.o
                0x0000000020000000                uwTickFreq
 .data.uwTickPrio
                0x0000000020000004        0x4 .pio/build/app/FrameworkHALDriver/Src/stm32g4xx_hal.o
                0x0000000020000004                uwTickPrio
 .data.uxCriticalNesting
                0x0000000020000008        0x4 .pio/build/app/libcb0/libFreeRTOS-Kernel.a(port.o)
 .data.uxTopUsedPriority
                0x000000002000000c        0x4 .pio/build/app/libcb0/libFreeRTOS-Kernel.a(tasks.o)
 .data._impure_ptr
                0x0000000020000010        0x4 /home/koi/.platformio/packages/toolchain-gccarmnoneeabi@1.70201.0/bin/../lib/gcc/arm-none-eabi/7.2.1/../../../../arm-none-eabi/lib/thumb/v7e-m/fpv4-sp/hard/libc_nano.a(lib_a-impure.o)
                0x0000000020000010                _impure_ptr
 .data.impure_data
                0x0000000020000014       0x60 /home/koi/.platformio/packages/toolchain-gccarmnoneeabi@1.70201.0/bin/../lib/gcc/arm-none-eabi/7.2.1/../../../../arm-none-eabi/lib/thumb/v7e-m/fpv4-sp/hard/libc_nano.a(lib_a-impure.o)
 .data.SystemCoreClock
                0x0000000020000074        0x4 .pio/build/app/libFrameworkCMSISDevice.a(system_stm32g4xx.o)
                0x0000000020000074                SystemCoreClock
 *(.RamFunc)
 *(.RamFunc*)
                0x0000000020000078                . = ALIGN (0x4)
                0x0000000020000078                _edata = .

.igot.plt       0x0000000020000078        0x0 load address 0x0000000008003d88
 .igot.plt      0x0000000020000078        0x0 /home/koi/.platformio/packages/toolchain-gccarmnoneeabi@1.70201.0/bin/../lib/gcc/arm-none-eabi/7.2.1/thumb/v7e-m/fpv4-sp/hard/crtbegin.o
                0x0000000020000078                . = ALIGN (0x4)

.bss            0x0000000020000078     0x221c load address 0x0000000008003d88
                0x0000000020000078                _sbss = .
                0x0000000020000078                __bss_start__ = _sbss
 *(.bss)
 .bss           0x0000000020000078       0x1c /home/koi/.platformio/packages/toolchain-gccarmnoneeabi@1.70201.0/bin/../lib/gcc/arm-none-eabi/7.2.1/thumb/v7e-m/fpv4-sp/hard/crtbegin.o
 *(.bss*)
 .bss.pxCurrentTCB
                0x0000000020000094        0x4 .pio/build/app/libcb0/libFreeRTOS-Kernel.a(tasks.o)
                0x0000000020000094                pxCurrentTCB
 .bss.pxDelayedTaskList
                0x0000000020000098        0x4 .pio/build/app/libcb0/libFreeRTOS-Kernel.a(tasks.o)
 .bss.pxOverflowDelayedTaskList
                0x000000002000009c        0x4 .pio/build/app/libcb0/libFreeRTOS-Kernel.a(tasks.o)
 .bss.pxReadyTasksLists
                0x00000000200000a0       0x64 .pio/build/app/libcb0/libFreeRTOS-Kernel.a(tasks.o)
 .bss.uxCurrentNumberOfTasks
                0x0000000020000104        0x4 .pio/build/app/libcb0/libFreeRTOS-Kernel.a(tasks.o)
 .bss.uxSchedulerSuspended
                0x0000000020000108        0x4 .pio/build/app/libcb0/libFreeRTOS-Kernel.a(tasks.o)
 .bss.uxTaskNumber
                0x000000002000010c        0x4 .pio/build/app/libcb0/libFreeRTOS-Kernel.a(tasks.o)
 .bss.uxTopReadyPriority
                0x0000000020000110        0x4 .pio/build/app/libcb0/libFreeRTOS-Kernel.a(tasks.o)
 .bss.xDelayedTaskList1
                0x0000000020000114       0x14 .pio/build/app/libcb0/libFreeRTOS-Kernel.a(tasks.o)
 .bss.xDelayedTaskList2
                0x0000000020000128       0x14 .pio/build/app/libcb0/libFreeRTOS-Kernel.a(tasks.o)
 .bss.xIdleTaskHandles
                0x000000002000013c        0x4 .pio/build/app/libcb0/libFreeRTOS-Kernel.a(tasks.o)
 .bss.xNextTaskUnblockTime
                0x0000000020000140        0x4 .pio/build/app/libcb0/libFreeRTOS-Kernel.a(tasks.o)
 .bss.xNumOfOverflows
                0x0000000020000144        0x4 .pio/build/app/libcb0/libFreeRTOS-Kernel.a(tasks.o)
 .bss.xPendedTicks
                0x0000000020000148        0x4 .pio/build/app/libcb0/libFreeRTOS-Kernel.a(tasks.o)
 .bss.xPendingReadyList
                0x000000002000014c       0x14 .pio/build/app/libcb0/libFreeRTOS-Kernel.a(tasks.o)
 .bss.xSchedulerRunning
                0x0000000020000160        0x4 .pio/build/app/libcb0/libFreeRTOS-Kernel.a(tasks.o)
 .bss.xTickCount
                0x0000000020000164        0x4 .pio/build/app/libcb0/libFreeRTOS-Kernel.a(tasks.o)
 .bss.xYieldPendings
                0x0000000020000168        0x4 .pio/build/app/libcb0/libFreeRTOS-Kernel.a(tasks.o)
 .bss.pxEnd     0x000000002000016c        0x4 .pio/build/app/libcb0/libFreeRTOS-Kernel.a(heap_4.o)
 .bss.ucHeap    0x0000000020000170     0x2000 .pio/build/app/libcb0/libFreeRTOS-Kernel.a(heap_4.o)
 .bss.xFreeBytesRemaining
                0x0000000020002170        0x4 .pio/build/app/libcb0/libFreeRTOS-Kernel.a(heap_4.o)
 .bss.xMinimumEverFreeBytesRemaining
                0x0000000020002174        0x4 .pio/build/app/libcb0/libFreeRTOS-Kernel.a(heap_4.o)
 .bss.xNumberOfSuccessfulAllocations
                0x0000000020002178        0x4 .pio/build/app/libcb0/libFreeRTOS-Kernel.a(heap_4.o)
 .bss.xNumberOfSuccessfulFrees
                0x000000002000217c        0x4 .pio/build/app/libcb0/libFreeRTOS-Kernel.a(heap_4.o)
 .bss.xStart    0x0000000020002180        0x8 .pio/build/app/libcb0/libFreeRTOS-Kernel.a(heap_4.o)
 .bss.__malloc_free_list
                0x0000000020002188        0x4 /home/koi/.platformio/packages/toolchain-gccarmnoneeabi@1.70201.0/bin/../lib/gcc/arm-none-eabi/7.2.1/../../../../arm-none-eabi/lib/thumb/v7e-m/fpv4-sp/hard/libc_nano.a(lib_a-nano-mallocr.o)
                0x0000000020002188                __malloc_free_list
 .bss.__malloc_sbrk_start
                0x000000002000218c        0x4 /home/koi/.platformio/packages/toolchain-gccarmnoneeabi@1.70201.0/bin/../lib/gcc/arm-none-eabi/7.2.1/../../../../arm-none-eabi/lib/thumb/v7e-m/fpv4-sp/hard/libc_nano.a(lib_a-nano-mallocr.o)
                0x000000002000218c                __malloc_sbrk_start
 .bss.heap_end.5377
                0x0000000020002190        0x4 /home/koi/.platformio/packages/toolchain-gccarmnoneeabi@1.70201.0/bin/../lib/gcc/arm-none-eabi/7.2.1/../../../../arm-none-eabi/lib/thumb/v7e-m/fpv4-sp/hard/libnosys.a(sbrk.o)
 *(COMMON)
 COMMON         0x0000000020002194        0x4 .pio/build/app/FrameworkHALDriver/Src/stm32g4xx_hal.o
                0x0000000020002194                uwTick
 COMMON         0x0000000020002198       0xf8 .pio/build/app/app/src/firmware.o
                0x0000000020002198                hspi1
                0x00000000200021fc                huart2
 COMMON         0x0000000020002290        0x4 /home/koi/.platformio/packages/toolchain-gccarmnoneeabi@1.70201.0/bin/../lib/gcc/arm-none-eabi/7.2.1/../../../../arm-none-eabi/lib/thumb/v7e-m/fpv4-sp/hard/libc_nano.a(lib_a-reent.o)
                0x0000000020002290                errno
                0x0000000020002294                . = ALIGN (0x4)
                0x0000000020002294                _ebss = .
                0x0000000020002294                __bss_end__ = _ebss

._user_heap_stack
                0x0000000020002294      0x604 load address 0x0000000008003d88
                0x0000000020002298                . = ALIGN (0x8)
 *fill*         0x0000000020002294        0x4 
                0x0000000020002298                PROVIDE (end, .)
                [!provide]                        PROVIDE (_end, .)
                0x0000000020002498                . = (. + _Min_Heap_Size)
 *fill*         0x0000000020002298      0x200 
                0x0000000020002898                . = (. + _Min_Stack_Size)
 *fill*         0x0000000020002498      0x400 
                0x0000000020002898                . = ALIGN (0x8)

/DISCARD/
 libc.a(*)
 libm.a(*)
 libgcc.a(*)

.ARM.attributes
                0x0000000000000000       0x30
 *(.ARM.attributes)
 .ARM.attributes
                0x0000000000000000       0x22 /home/koi/.platformio/packages/toolchain-gccarmnoneeabi@1.70201.0/bin/../lib/gcc/arm-none-eabi/7.2.1/thumb/v7e-m/fpv4-sp/hard/crti.o
 .ARM.attributes
                0x0000000000000022       0x34 /home/koi/.platformio/packages/toolchain-gccarmnoneeabi@1.70201.0/bin/../lib/gcc/arm-none-eabi/7.2.1/thumb/v7e-m/fpv4-sp/hard/crtbegin.o
 .ARM.attributes
                0x0000000000000056       0x39 .pio/build/app/FrameworkHALDriver/Src/stm32g4xx_hal.o
 .ARM.attributes
                0x000000000000008f       0x39 .pio/build/app/FrameworkHALDriver/Src/stm32g4xx_hal_cortex.o
 .ARM.attributes
                0x00000000000000c8       0x39 .pio/build/app/FrameworkHALDriver/Src/stm32g4xx_hal_gpio.o
 .ARM.attributes
                0x0000000000000101       0x39 .pio/build/app/FrameworkHALDriver/Src/stm32g4xx_hal_rcc.o
 .ARM.attributes
                0x000000000000013a       0x39 .pio/build/app/FrameworkHALDriver/Src/stm32g4xx_hal_spi.o
 .ARM.attributes
                0x0000000000000173       0x39 .pio/build/app/FrameworkHALDriver/Src/stm32g4xx_hal_uart.o
 .ARM.attributes
                0x00000000000001ac       0x39 .pio/build/app/app/src/firmware.o
 .ARM.attributes
                0x00000000000001e5       0x39 .pio/build/app/app/src/system.o
 .ARM.attributes
                0x000000000000021e       0x39 .pio/build/app/libcb0/libFreeRTOS-Kernel.a(port.o)
 .ARM.attributes
                0x0000000000000257       0x39 .pio/build/app/libcb0/libFreeRTOS-Kernel.a(tasks.o)
 .ARM.attributes
                0x0000000000000290       0x39 .pio/build/app/libcb0/libFreeRTOS-Kernel.a(heap_4.o)
 .ARM.attributes
                0x00000000000002c9       0x39 .pio/build/app/libcb0/libFreeRTOS-Kernel.a(list.o)
 .ARM.attributes
                0x0000000000000302       0x34 /home/koi/.platformio/packages/toolchain-gccarmnoneeabi@1.70201.0/bin/../lib/gcc/arm-none-eabi/7.2.1/../../../../arm-none-eabi/lib/thumb/v7e-m/fpv4-sp/hard/libc_nano.a(lib_a-impure.o)
 .ARM.attributes
                0x0000000000000336       0x34 /home/koi/.platformio/packages/toolchain-gccarmnoneeabi@1.70201.0/bin/../lib/gcc/arm-none-eabi/7.2.1/../../../../arm-none-eabi/lib/thumb/v7e-m/fpv4-sp/hard/libc_nano.a(lib_a-init.o)
 .ARM.attributes
                0x000000000000036a       0x34 /home/koi/.platformio/packages/toolchain-gccarmnoneeabi@1.70201.0/bin/../lib/gcc/arm-none-eabi/7.2.1/../../../../arm-none-eabi/lib/thumb/v7e-m/fpv4-sp/hard/libc_nano.a(lib_a-memset.o)
 .ARM.attributes
                0x000000000000039e       0x34 /home/koi/.platformio/packages/toolchain-gccarmnoneeabi@1.70201.0/bin/../lib/gcc/arm-none-eabi/7.2.1/../../../../arm-none-eabi/lib/thumb/v7e-m/fpv4-sp/hard/libc_nano.a(lib_a-printf.o)
 .ARM.attributes
                0x00000000000003d2       0x34 /home/koi/.platformio/packages/toolchain-gccarmnoneeabi@1.70201.0/bin/../lib/gcc/arm-none-eabi/7.2.1/../../../../arm-none-eabi/lib/thumb/v7e-m/fpv4-sp/hard/libc_nano.a(lib_a-findfp.o)
 .ARM.attributes
                0x0000000000000406       0x34 /home/koi/.platformio/packages/toolchain-gccarmnoneeabi@1.70201.0/bin/../lib/gcc/arm-none-eabi/7.2.1/../../../../arm-none-eabi/lib/thumb/v7e-m/fpv4-sp/hard/libc_nano.a(lib_a-fwalk.o)
 .ARM.attributes
                0x000000000000043a       0x34 /home/koi/.platformio/packages/toolchain-gccarmnoneeabi@1.70201.0/bin/../lib/gcc/arm-none-eabi/7.2.1/../../../../arm-none-eabi/lib/thumb/v7e-m/fpv4-sp/hard/libc_nano.a(lib_a-nano-mallocr.o)
 .ARM.attributes
                0x000000000000046e       0x34 /home/koi/.platformio/packages/toolchain-gccarmnoneeabi@1.70201.0/bin/../lib/gcc/arm-none-eabi/7.2.1/../../../../arm-none-eabi/lib/thumb/v7e-m/fpv4-sp/hard/libc_nano.a(lib_a-nano-vfprintf.o)
 .ARM.attributes
                0x00000000000004a2       0x34 /home/koi/.platformio/packages/toolchain-gccarmnoneeabi@1.70201.0/bin/../lib/gcc/arm-none-eabi/7.2.1/../../../../arm-none-eabi/lib/thumb/v7e-m/fpv4-sp/hard/libc_nano.a(lib_a-nano-vfprintf_i.o)
 .ARM.attributes
                0x00000000000004d6       0x34 /home/koi/.platformio/packages/toolchain-gccarmnoneeabi@1.70201.0/bin/../lib/gcc/arm-none-eabi/7.2.1/../../../../arm-none-eabi/lib/thumb/v7e-m/fpv4-sp/hard/libc_nano.a(lib_a-sbrkr.o)
 .ARM.attributes
                0x000000000000050a       0x34 /home/koi/.platformio/packages/toolchain-gccarmnoneeabi@1.70201.0/bin/../lib/gcc/arm-none-eabi/7.2.1/../../../../arm-none-eabi/lib/thumb/v7e-m/fpv4-sp/hard/libc_nano.a(lib_a-stdio.o)
 .ARM.attributes
                0x000000000000053e       0x34 /home/koi/.platformio/packages/toolchain-gccarmnoneeabi@1.70201.0/bin/../lib/gcc/arm-none-eabi/7.2.1/../../../../arm-none-eabi/lib/thumb/v7e-m/fpv4-sp/hard/libc_nano.a(lib_a-wbuf.o)
 .ARM.attributes
                0x0000000000000572       0x34 /home/koi/.platformio/packages/toolchain-gccarmnoneeabi@1.70201.0/bin/../lib/gcc/arm-none-eabi/7.2.1/../../../../arm-none-eabi/lib/thumb/v7e-m/fpv4-sp/hard/libc_nano.a(lib_a-writer.o)
 .ARM.attributes
                0x00000000000005a6       0x34 /home/koi/.platformio/packages/toolchain-gccarmnoneeabi@1.70201.0/bin/../lib/gcc/arm-none-eabi/7.2.1/../../../../arm-none-eabi/lib/thumb/v7e-m/fpv4-sp/hard/libc_nano.a(lib_a-wsetup.o)
 .ARM.attributes
                0x00000000000005da       0x34 /home/koi/.platformio/packages/toolchain-gccarmnoneeabi@1.70201.0/bin/../lib/gcc/arm-none-eabi/7.2.1/../../../../arm-none-eabi/lib/thumb/v7e-m/fpv4-sp/hard/libc_nano.a(lib_a-closer.o)
 .ARM.attributes
                0x000000000000060e       0x34 /home/koi/.platformio/packages/toolchain-gccarmnoneeabi@1.70201.0/bin/../lib/gcc/arm-none-eabi/7.2.1/../../../../arm-none-eabi/lib/thumb/v7e-m/fpv4-sp/hard/libc_nano.a(lib_a-fflush.o)
 .ARM.attributes
                0x0000000000000642       0x34 /home/koi/.platformio/packages/toolchain-gccarmnoneeabi@1.70201.0/bin/../lib/gcc/arm-none-eabi/7.2.1/../../../../arm-none-eabi/lib/thumb/v7e-m/fpv4-sp/hard/libc_nano.a(lib_a-lseekr.o)
 .ARM.attributes
                0x0000000000000676       0x34 /home/koi/.platformio/packages/toolchain-gccarmnoneeabi@1.70201.0/bin/../lib/gcc/arm-none-eabi/7.2.1/../../../../arm-none-eabi/lib/thumb/v7e-m/fpv4-sp/hard/libc_nano.a(lib_a-makebuf.o)
 .ARM.attributes
                0x00000000000006aa       0x20 /home/koi/.platformio/packages/toolchain-gccarmnoneeabi@1.70201.0/bin/../lib/gcc/arm-none-eabi/7.2.1/../../../../arm-none-eabi/lib/thumb/v7e-m/fpv4-sp/hard/libc_nano.a(lib_a-memchr.o)
 .ARM.attributes
                0x00000000000006ca       0x34 /home/koi/.platformio/packages/toolchain-gccarmnoneeabi@1.70201.0/bin/../lib/gcc/arm-none-eabi/7.2.1/../../../../arm-none-eabi/lib/thumb/v7e-m/fpv4-sp/hard/libc_nano.a(lib_a-mlock.o)
 .ARM.attributes
                0x00000000000006fe       0x34 /home/koi/.platformio/packages/toolchain-gccarmnoneeabi@1.70201.0/bin/../lib/gcc/arm-none-eabi/7.2.1/../../../../arm-none-eabi/lib/thumb/v7e-m/fpv4-sp/hard/libc_nano.a(lib_a-nano-freer.o)
 .ARM.attributes
                0x0000000000000732       0x34 /home/koi/.platformio/packages/toolchain-gccarmnoneeabi@1.70201.0/bin/../lib/gcc/arm-none-eabi/7.2.1/../../../../arm-none-eabi/lib/thumb/v7e-m/fpv4-sp/hard/libc_nano.a(lib_a-readr.o)
 .ARM.attributes
                0x0000000000000766       0x34 /home/koi/.platformio/packages/toolchain-gccarmnoneeabi@1.70201.0/bin/../lib/gcc/arm-none-eabi/7.2.1/../../../../arm-none-eabi/lib/thumb/v7e-m/fpv4-sp/hard/libc_nano.a(lib_a-reent.o)
 .ARM.attributes
                0x000000000000079a       0x34 /home/koi/.platformio/packages/toolchain-gccarmnoneeabi@1.70201.0/bin/../lib/gcc/arm-none-eabi/7.2.1/../../../../arm-none-eabi/lib/thumb/v7e-m/fpv4-sp/hard/libc_nano.a(lib_a-fstatr.o)
 .ARM.attributes
                0x00000000000007ce       0x34 /home/koi/.platformio/packages/toolchain-gccarmnoneeabi@1.70201.0/bin/../lib/gcc/arm-none-eabi/7.2.1/../../../../arm-none-eabi/lib/thumb/v7e-m/fpv4-sp/hard/libc_nano.a(lib_a-isattyr.o)
 .ARM.attributes
                0x0000000000000802       0x22 /home/koi/.platformio/packages/toolchain-gccarmnoneeabi@1.70201.0/bin/../lib/gcc/arm-none-eabi/7.2.1/thumb/v7e-m/fpv4-sp/hard/libgcc.a(_aeabi_uldivmod.o)
 .ARM.attributes
                0x0000000000000824       0x34 /home/koi/.platformio/packages/toolchain-gccarmnoneeabi@1.70201.0/bin/../lib/gcc/arm-none-eabi/7.2.1/thumb/v7e-m/fpv4-sp/hard/libgcc.a(_udivmoddi4.o)
 .ARM.attributes
                0x0000000000000858       0x22 /home/koi/.platformio/packages/toolchain-gccarmnoneeabi@1.70201.0/bin/../lib/gcc/arm-none-eabi/7.2.1/thumb/v7e-m/fpv4-sp/hard/libgcc.a(_dvmd_tls.o)
 .ARM.attributes
                0x000000000000087a       0x34 /home/koi/.platformio/packages/toolchain-gccarmnoneeabi@1.70201.0/bin/../lib/gcc/arm-none-eabi/7.2.1/../../../../arm-none-eabi/lib/thumb/v7e-m/fpv4-sp/hard/libnosys.a(close.o)
 .ARM.attributes
                0x00000000000008ae       0x34 /home/koi/.platformio/packages/toolchain-gccarmnoneeabi@1.70201.0/bin/../lib/gcc/arm-none-eabi/7.2.1/../../../../arm-none-eabi/lib/thumb/v7e-m/fpv4-sp/hard/libnosys.a(fstat.o)
 .ARM.attributes
                0x00000000000008e2       0x34 /home/koi/.platformio/packages/toolchain-gccarmnoneeabi@1.70201.0/bin/../lib/gcc/arm-none-eabi/7.2.1/../../../../arm-none-eabi/lib/thumb/v7e-m/fpv4-sp/hard/libnosys.a(isatty.o)
 .ARM.attributes
                0x0000000000000916       0x34 /home/koi/.platformio/packages/toolchain-gccarmnoneeabi@1.70201.0/bin/../lib/gcc/arm-none-eabi/7.2.1/../../../../arm-none-eabi/lib/thumb/v7e-m/fpv4-sp/hard/libnosys.a(lseek.o)
 .ARM.attributes
                0x000000000000094a       0x34 /home/koi/.platformio/packages/toolchain-gccarmnoneeabi@1.70201.0/bin/../lib/gcc/arm-none-eabi/7.2.1/../../../../arm-none-eabi/lib/thumb/v7e-m/fpv4-sp/hard/libnosys.a(read.o)
 .ARM.attributes
                0x000000000000097e       0x34 /home/koi/.platformio/packages/toolchain-gccarmnoneeabi@1.70201.0/bin/../lib/gcc/arm-none-eabi/7.2.1/../../../../arm-none-eabi/lib/thumb/v7e-m/fpv4-sp/hard/libnosys.a(sbrk.o)
 .ARM.attributes
                0x00000000000009b2       0x21 .pio/build/app/libFrameworkCMSISDevice.a(startup_stm32g474xx.o)
 .ARM.attributes
                0x00000000000009d3       0x39 .pio/build/app/libFrameworkCMSISDevice.a(system_stm32g4xx.o)
 .ARM.attributes
                0x0000000000000a0c       0x22 /home/koi/.platformio/packages/toolchain-gccarmnoneeabi@1.70201.0/bin/../lib/gcc/arm-none-eabi/7.2.1/thumb/v7e-m/fpv4-sp/hard/crtn.o
OUTPUT(.pio/build/app/app.elf elf32-littlearm)

.comment        0x0000000000000000       0x7e
 .comment       0x0000000000000000       0x7e .pio/build/app/FrameworkHALDriver/Src/stm32g4xx_hal.o
                                         0x7f (size before relaxing)
 .comment       0x000000000000007e       0x7f .pio/build/app/FrameworkHALDriver/Src/stm32g4xx_hal_cortex.o
 .comment       0x000000000000007e       0x7f .pio/build/app/FrameworkHALDriver/Src/stm32g4xx_hal_gpio.o
 .comment       0x000000000000007e       0x7f .pio/build/app/FrameworkHALDriver/Src/stm32g4xx_hal_rcc.o
 .comment       0x000000000000007e       0x7f .pio/build/app/FrameworkHALDriver/Src/stm32g4xx_hal_spi.o
 .comment       0x000000000000007e       0x7f .pio/build/app/FrameworkHALDriver/Src/stm32g4xx_hal_uart.o
 .comment       0x000000000000007e       0x7f .pio/build/app/app/src/firmware.o
 .comment       0x000000000000007e       0x7f .pio/build/app/app/src/system.o
 .comment       0x000000000000007e       0x7f .pio/build/app/libcb0/libFreeRTOS-Kernel.a(port.o)
 .comment       0x000000000000007e       0x7f .pio/build/app/libcb0/libFreeRTOS-Kernel.a(tasks.o)
 .comment       0x000000000000007e       0x7f .pio/build/app/libcb0/libFreeRTOS-Kernel.a(heap_4.o)
 .comment       0x000000000000007e       0x7f .pio/build/app/libcb0/libFreeRTOS-Kernel.a(list.o)
 .comment       0x000000000000007e       0x7f .pio/build/app/libFrameworkCMSISDevice.a(system_stm32g4xx.o)

.debug_frame    0x0000000000000000      0x834
 .debug_frame   0x0000000000000000       0x2c /home/koi/.platformio/packages/toolchain-gccarmnoneeabi@1.70201.0/bin/../lib/gcc/arm-none-eabi/7.2.1/../../../../arm-none-eabi/lib/thumb/v7e-m/fpv4-sp/hard/libc_nano.a(lib_a-init.o)
 .debug_frame   0x000000000000002c       0x20 /home/koi/.platformio/packages/toolchain-gccarmnoneeabi@1.70201.0/bin/../lib/gcc/arm-none-eabi/7.2.1/../../../../arm-none-eabi/lib/thumb/v7e-m/fpv4-sp/hard/libc_nano.a(lib_a-memset.o)
 .debug_frame   0x000000000000004c       0x74 /home/koi/.platformio/packages/toolchain-gccarmnoneeabi@1.70201.0/bin/../lib/gcc/arm-none-eabi/7.2.1/../../../../arm-none-eabi/lib/thumb/v7e-m/fpv4-sp/hard/libc_nano.a(lib_a-printf.o)
 .debug_frame   0x00000000000000c0      0x11c /home/koi/.platformio/packages/toolchain-gccarmnoneeabi@1.70201.0/bin/../lib/gcc/arm-none-eabi/7.2.1/../../../../arm-none-eabi/lib/thumb/v7e-m/fpv4-sp/hard/libc_nano.a(lib_a-findfp.o)
 .debug_frame   0x00000000000001dc       0x54 /home/koi/.platformio/packages/toolchain-gccarmnoneeabi@1.70201.0/bin/../lib/gcc/arm-none-eabi/7.2.1/../../../../arm-none-eabi/lib/thumb/v7e-m/fpv4-sp/hard/libc_nano.a(lib_a-fwalk.o)
 .debug_frame   0x0000000000000230       0x2c /home/koi/.platformio/packages/toolchain-gccarmnoneeabi@1.70201.0/bin/../lib/gcc/arm-none-eabi/7.2.1/../../../../arm-none-eabi/lib/thumb/v7e-m/fpv4-sp/hard/libc_nano.a(lib_a-nano-mallocr.o)
 .debug_frame   0x000000000000025c       0xac /home/koi/.platformio/packages/toolchain-gccarmnoneeabi@1.70201.0/bin/../lib/gcc/arm-none-eabi/7.2.1/../../../../arm-none-eabi/lib/thumb/v7e-m/fpv4-sp/hard/libc_nano.a(lib_a-nano-vfprintf.o)
 .debug_frame   0x0000000000000308       0x60 /home/koi/.platformio/packages/toolchain-gccarmnoneeabi@1.70201.0/bin/../lib/gcc/arm-none-eabi/7.2.1/../../../../arm-none-eabi/lib/thumb/v7e-m/fpv4-sp/hard/libc_nano.a(lib_a-nano-vfprintf_i.o)
 .debug_frame   0x0000000000000368       0x2c /home/koi/.platformio/packages/toolchain-gccarmnoneeabi@1.70201.0/bin/../lib/gcc/arm-none-eabi/7.2.1/../../../../arm-none-eabi/lib/thumb/v7e-m/fpv4-sp/hard/libc_nano.a(lib_a-sbrkr.o)
 .debug_frame   0x0000000000000394       0x88 /home/koi/.platformio/packages/toolchain-gccarmnoneeabi@1.70201.0/bin/../lib/gcc/arm-none-eabi/7.2.1/../../../../arm-none-eabi/lib/thumb/v7e-m/fpv4-sp/hard/libc_nano.a(lib_a-stdio.o)
 .debug_frame   0x000000000000041c       0x40 /home/koi/.platformio/packages/toolchain-gccarmnoneeabi@1.70201.0/bin/../lib/gcc/arm-none-eabi/7.2.1/../../../../arm-none-eabi/lib/thumb/v7e-m/fpv4-sp/hard/libc_nano.a(lib_a-wbuf.o)
 .debug_frame   0x000000000000045c       0x2c /home/koi/.platformio/packages/toolchain-gccarmnoneeabi@1.70201.0/bin/../lib/gcc/arm-none-eabi/7.2.1/../../../../arm-none-eabi/lib/thumb/v7e-m/fpv4-sp/hard/libc_nano.a(lib_a-writer.o)
 .debug_frame   0x0000000000000488       0x2c /home/koi/.platformio/packages/toolchain-gccarmnoneeabi@1.70201.0/bin/../lib/gcc/arm-none-eabi/7.2.1/../../../../arm-none-eabi/lib/thumb/v7e-m/fpv4-sp/hard/libc_nano.a(lib_a-wsetup.o)
 .debug_frame   0x00000000000004b4       0x2c /home/koi/.platformio/packages/toolchain-gccarmnoneeabi@1.70201.0/bin/../lib/gcc/arm-none-eabi/7.2.1/../../../../arm-none-eabi/lib/thumb/v7e-m/fpv4-sp/hard/libc_nano.a(lib_a-closer.o)
 .debug_frame   0x00000000000004e0       0x68 /home/koi/.platformio/packages/toolchain-gccarmnoneeabi@1.70201.0/bin/../lib/gcc/arm-none-eabi/7.2.1/../../../../arm-none-eabi/lib/thumb/v7e-m/fpv4-sp/hard/libc_nano.a(lib_a-fflush.o)
 .debug_frame   0x0000000000000548       0x2c /home/koi/.platformio/packages/toolchain-gccarmnoneeabi@1.70201.0/bin/../lib/gcc/arm-none-eabi/7.2.1/../../../../arm-none-eabi/lib/thumb/v7e-m/fpv4-sp/hard/libc_nano.a(lib_a-lseekr.o)
 .debug_frame   0x0000000000000574       0x58 /home/koi/.platformio/packages/toolchain-gccarmnoneeabi@1.70201.0/bin/../lib/gcc/arm-none-eabi/7.2.1/../../../../arm-none-eabi/lib/thumb/v7e-m/fpv4-sp/hard/libc_nano.a(lib_a-makebuf.o)
 .debug_frame   0x00000000000005cc       0x30 /home/koi/.platformio/packages/toolchain-gccarmnoneeabi@1.70201.0/bin/../lib/gcc/arm-none-eabi/7.2.1/../../../../arm-none-eabi/lib/thumb/v7e-m/fpv4-sp/hard/libc_nano.a(lib_a-mlock.o)
 .debug_frame   0x00000000000005fc       0x38 /home/koi/.platformio/packages/toolchain-gccarmnoneeabi@1.70201.0/bin/../lib/gcc/arm-none-eabi/7.2.1/../../../../arm-none-eabi/lib/thumb/v7e-m/fpv4-sp/hard/libc_nano.a(lib_a-nano-freer.o)
 .debug_frame   0x0000000000000634       0x2c /home/koi/.platformio/packages/toolchain-gccarmnoneeabi@1.70201.0/bin/../lib/gcc/arm-none-eabi/7.2.1/../../../../arm-none-eabi/lib/thumb/v7e-m/fpv4-sp/hard/libc_nano.a(lib_a-readr.o)
 .debug_frame   0x0000000000000660       0x5c /home/koi/.platformio/packages/toolchain-gccarmnoneeabi@1.70201.0/bin/../lib/gcc/arm-none-eabi/7.2.1/../../../../arm-none-eabi/lib/thumb/v7e-m/fpv4-sp/hard/libc_nano.a(lib_a-reent.o)
 .debug_frame   0x00000000000006bc       0x2c /home/koi/.platformio/packages/toolchain-gccarmnoneeabi@1.70201.0/bin/../lib/gcc/arm-none-eabi/7.2.1/../../../../arm-none-eabi/lib/thumb/v7e-m/fpv4-sp/hard/libc_nano.a(lib_a-fstatr.o)
 .debug_frame   0x00000000000006e8       0x2c /home/koi/.platformio/packages/toolchain-gccarmnoneeabi@1.70201.0/bin/../lib/gcc/arm-none-eabi/7.2.1/../../../../arm-none-eabi/lib/thumb/v7e-m/fpv4-sp/hard/libc_nano.a(lib_a-isattyr.o)
 .debug_frame   0x0000000000000714       0x2c /home/koi/.platformio/packages/toolchain-gccarmnoneeabi@1.70201.0/bin/../lib/gcc/arm-none-eabi/7.2.1/thumb/v7e-m/fpv4-sp/hard/libgcc.a(_aeabi_uldivmod.o)
 .debug_frame   0x0000000000000740       0x34 /home/koi/.platformio/packages/toolchain-gccarmnoneeabi@1.70201.0/bin/../lib/gcc/arm-none-eabi/7.2.1/thumb/v7e-m/fpv4-sp/hard/libgcc.a(_udivmoddi4.o)
 .debug_frame   0x0000000000000774       0x20 /home/koi/.platformio/packages/toolchain-gccarmnoneeabi@1.70201.0/bin/../lib/gcc/arm-none-eabi/7.2.1/../../../../arm-none-eabi/lib/thumb/v7e-m/fpv4-sp/hard/libnosys.a(close.o)
 .debug_frame   0x0000000000000794       0x20 /home/koi/.platformio/packages/toolchain-gccarmnoneeabi@1.70201.0/bin/../lib/gcc/arm-none-eabi/7.2.1/../../../../arm-none-eabi/lib/thumb/v7e-m/fpv4-sp/hard/libnosys.a(fstat.o)
 .debug_frame   0x00000000000007b4       0x20 /home/koi/.platformio/packages/toolchain-gccarmnoneeabi@1.70201.0/bin/../lib/gcc/arm-none-eabi/7.2.1/../../../../arm-none-eabi/lib/thumb/v7e-m/fpv4-sp/hard/libnosys.a(isatty.o)
 .debug_frame   0x00000000000007d4       0x20 /home/koi/.platformio/packages/toolchain-gccarmnoneeabi@1.70201.0/bin/../lib/gcc/arm-none-eabi/7.2.1/../../../../arm-none-eabi/lib/thumb/v7e-m/fpv4-sp/hard/libnosys.a(lseek.o)
 .debug_frame   0x00000000000007f4       0x20 /home/koi/.platformio/packages/toolchain-gccarmnoneeabi@1.70201.0/bin/../lib/gcc/arm-none-eabi/7.2.1/../../../../arm-none-eabi/lib/thumb/v7e-m/fpv4-sp/hard/libnosys.a(read.o)
 .debug_frame   0x0000000000000814       0x20 /home/koi/.platformio/packages/toolchain-gccarmnoneeabi@1.70201.0/bin/../lib/gcc/arm-none-eabi/7.2.1/../../../../arm-none-eabi/lib/thumb/v7e-m/fpv4-sp/hard/libnosys.a(sbrk.o)

.stab           0x0000000000000000       0x84
 .stab          0x0000000000000000       0x24 /home/koi/.platformio/packages/toolchain-gccarmnoneeabi@1.70201.0/bin/../lib/gcc/arm-none-eabi/7.2.1/../../../../arm-none-eabi/lib/thumb/v7e-m/fpv4-sp/hard/libnosys.a(close.o)
 .stab          0x0000000000000024       0x18 /home/koi/.platformio/packages/toolchain-gccarmnoneeabi@1.70201.0/bin/../lib/gcc/arm-none-eabi/7.2.1/../../../../arm-none-eabi/lib/thumb/v7e-m/fpv4-sp/hard/libnosys.a(fstat.o)
                                         0x24 (size before relaxing)
 .stab          0x000000000000003c       0x18 /home/koi/.platformio/packages/toolchain-gccarmnoneeabi@1.70201.0/bin/../lib/gcc/arm-none-eabi/7.2.1/../../../../arm-none-eabi/lib/thumb/v7e-m/fpv4-sp/hard/libnosys.a(isatty.o)
                                         0x24 (size before relaxing)
 .stab          0x0000000000000054       0x18 /home/koi/.platformio/packages/toolchain-gccarmnoneeabi@1.70201.0/bin/../lib/gcc/arm-none-eabi/7.2.1/../../../../arm-none-eabi/lib/thumb/v7e-m/fpv4-sp/hard/libnosys.a(lseek.o)
                                         0x24 (size before relaxing)
 .stab          0x000000000000006c       0x18 /home/koi/.platformio/packages/toolchain-gccarmnoneeabi@1.70201.0/bin/../lib/gcc/arm-none-eabi/7.2.1/../../../../arm-none-eabi/lib/thumb/v7e-m/fpv4-sp/hard/libnosys.a(read.o)
                                         0x24 (size before relaxing)

.stabstr        0x0000000000000000      0x117
 .stabstr       0x0000000000000000      0x117 /home/koi/.platformio/packages/toolchain-gccarmnoneeabi@1.70201.0/bin/../lib/gcc/arm-none-eabi/7.2.1/../../../../arm-none-eabi/lib/thumb/v7e-m/fpv4-sp/hard/libnosys.a(close.o)
